2026-02-27 10:43:12,552 | INFO | Lendo Excel: c:\Users\Aloise pc\Documents\GitHub\appsapatariadjango\sapataria_app-main\SCRIPT_ETL\Online Codigos de Barras.xlsx | aba: Folha1
2026-02-27 10:44:52,989 | INFO | Lendo Excel: c:\Users\Aloise pc\Documents\GitHub\appsapatariadjango\sapataria_app-main\SCRIPT_ETL\Online Codigos de Barras.xlsx | aba: Folha1
2026-02-27 10:45:19,308 | INFO | Lendo Excel: c:\Users\Aloise pc\Documents\GitHub\appsapatariadjango\sapataria_app-main\SCRIPT_ETL\Online Codigos de Barras.xlsx | aba: Folha1
2026-02-27 10:58:22,461 | INFO | Lendo Excel: c:\Users\Aloise pc\Documents\GitHub\appsapatariadjango\sapataria_app-main\SCRIPT_ETL\Online Codigos de Barras.xlsx | aba: Folha1
2026-02-27 10:58:23,285 | INFO | Iniciando ETL (Supabase REST) | dry_run=True | supplier=KeyInvoice Import
2026-02-27 11:07:38,459 | INFO | Lendo Excel: c:\Users\Aloise pc\Documents\GitHub\appsapatariadjango\sapataria_app-main\SCRIPT_ETL\Online Codigos de Barras.xlsx | aba: Folha1
2026-02-27 11:07:39,422 | INFO | Iniciando ETL (Supabase REST) | dry_run=False | supplier=KeyInvoice Import
2026-02-27 11:07:41,050 | WARNING | Linha 1 rejeitada por erro: GTIN inválido (menos de 8 dígitos)
2026-02-27 11:07:41,053 | WARNING | Linha 2 rejeitada por erro: GTIN inválido (menos de 8 dígitos)
2026-02-27 11:07:41,469 | WARNING | Linha 4 rejeitada por erro: GTIN inválido (menos de 8 dígitos)
2026-02-27 11:07:49,356 | WARNING | Linha 26 rejeitada por erro: GTIN inválido (menos de 8 dígitos)
2026-02-27 11:07:49,358 | WARNING | Linha 27 rejeitada por erro: GTIN inválido (menos de 8 dígitos)
2026-02-27 11:08:04,965 | WARNING | Linha 76 rejeitada por erro: GTIN inválido (menos de 8 dígitos)
2026-02-27 11:08:06,005 | WARNING | Linha 80 rejeitada por erro: GTIN inválido (menos de 8 dígitos)
2026-02-27 11:08:06,425 | WARNING | Linha 82 rejeitada por erro: GTIN inválido (menos de 8 dígitos)
2026-02-27 11:08:06,428 | WARNING | Linha 83 rejeitada por erro: GTIN inválido (menos de 8 dígitos)
2026-02-27 11:08:07,890 | WARNING | Linha 88 rejeitada por erro: GTIN inválido (menos de 8 dígitos)
2026-02-27 11:08:08,208 | WARNING | Linha 90 rejeitada por erro: GTIN inválido (menos de 8 dígitos)
2026-02-27 11:08:22,560 | WARNING | Linha 139 rejeitada por erro: GTIN inválido (menos de 8 dígitos)
2026-02-27 11:08:22,561 | WARNING | Linha 140 rejeitada por erro: GTIN inválido (menos de 8 dígitos)
2026-02-27 11:08:22,563 | WARNING | Linha 141 rejeitada por erro: GTIN inválido (menos de 8 dígitos)
2026-02-27 11:08:22,565 | WARNING | Linha 142 rejeitada por erro: GTIN inválido (menos de 8 dígitos)
2026-02-27 11:08:22,566 | WARNING | Linha 143 rejeitada por erro: GTIN inválido (menos de 8 dígitos)
2026-02-27 11:08:23,356 | WARNING | Linha 146 rejeitada por erro: GTIN inválido (menos de 8 dígitos)
2026-02-27 11:08:24,007 | WARNING | Linha 149 rejeitada por erro: GTIN inválido (menos de 8 dígitos)
2026-02-27 11:08:24,271 | WARNING | Linha 151 rejeitada por erro: GTIN inválido (menos de 8 dígitos)
2026-02-27 11:08:24,273 | WARNING | Linha 152 rejeitada por erro: GTIN inválido (menos de 8 dígitos)
2026-02-27 11:08:24,274 | WARNING | Linha 153 rejeitada por erro: GTIN inválido (menos de 8 dígitos)
2026-02-27 11:08:25,884 | WARNING | Linha 159 rejeitada por erro: GTIN inválido (menos de 8 dígitos)
2026-02-27 11:08:27,038 | WARNING | Linha 164 rejeitada por erro: GTIN inválido (menos de 8 dígitos)
2026-02-27 11:08:27,999 | WARNING | Linha 168 rejeitada por erro: GTIN inválido (menos de 8 dígitos)
2026-02-27 11:08:28,001 | WARNING | Linha 169 rejeitada por erro: GTIN inválido (menos de 8 dígitos)
2026-02-27 11:08:28,002 | WARNING | Linha 170 rejeitada por erro: GTIN inválido (menos de 8 dígitos)
2026-02-27 11:08:28,004 | WARNING | Linha 171 rejeitada por erro: GTIN inválido (menos de 8 dígitos)
2026-02-27 11:08:28,006 | WARNING | Linha 172 rejeitada por erro: GTIN inválido (menos de 8 dígitos)
2026-02-27 11:08:28,009 | WARNING | Linha 173 rejeitada por erro: GTIN inválido (menos de 8 dígitos)
2026-02-27 11:08:28,011 | WARNING | Linha 174 rejeitada por erro: GTIN inválido (menos de 8 dígitos)
2026-02-27 11:08:28,014 | WARNING | Linha 175 rejeitada por erro: GTIN inválido (menos de 8 dígitos)
2026-02-27 11:08:28,016 | WARNING | Linha 176 rejeitada por erro: GTIN inválido (menos de 8 dígitos)
2026-02-27 11:08:28,017 | WARNING | Linha 177 rejeitada por erro: GTIN inválido (menos de 8 dígitos)
2026-02-27 11:08:28,019 | WARNING | Linha 178 rejeitada por erro: GTIN inválido (menos de 8 dígitos)
2026-02-27 11:08:28,022 | WARNING | Linha 179 rejeitada por erro: GTIN inválido (menos de 8 dígitos)
2026-02-27 11:08:28,024 | WARNING | Linha 180 rejeitada por erro: GTIN inválido (menos de 8 dígitos)
2026-02-27 11:08:28,025 | WARNING | Linha 181 rejeitada por erro: GTIN inválido (menos de 8 dígitos)
2026-02-27 11:08:28,026 | WARNING | Linha 182 rejeitada por erro: GTIN inválido (menos de 8 dígitos)
2026-02-27 11:08:28,027 | WARNING | Linha 183 rejeitada por erro: GTIN inválido (menos de 8 dígitos)
2026-02-27 11:08:48,417 | WARNING | Linha 251 rejeitada por erro: GTIN inválido (menos de 8 dígitos)
2026-02-27 11:08:48,418 | WARNING | Linha 252 rejeitada por erro: GTIN inválido (menos de 8 dígitos)
2026-02-27 11:08:48,419 | WARNING | Linha 253 rejeitada por erro: GTIN inválido (menos de 8 dígitos)
2026-02-27 11:08:48,420 | WARNING | Linha 254 rejeitada por erro: GTIN inválido (menos de 8 dígitos)
2026-02-27 11:08:49,090 | WARNING | Linha 257 rejeitada por erro: GTIN inválido (menos de 8 dígitos)
2026-02-27 11:08:49,091 | WARNING | Linha 258 rejeitada por erro: GTIN inválido (menos de 8 dígitos)
2026-02-27 11:08:49,092 | WARNING | Linha 259 rejeitada por erro: GTIN inválido (menos de 8 dígitos)
2026-02-27 11:09:48,509 | WARNING | Linha 447 rejeitada por erro: GTIN inválido (menos de 8 dígitos)
2026-02-27 11:09:48,511 | WARNING | Linha 448 rejeitada por erro: GTIN inválido (menos de 8 dígitos)
2026-02-27 11:09:48,512 | WARNING | Linha 449 rejeitada por erro: GTIN inválido (menos de 8 dígitos)
2026-02-27 11:09:48,512 | WARNING | Linha 450 rejeitada por erro: GTIN inválido (menos de 8 dígitos)
2026-02-27 11:09:48,513 | WARNING | Linha 451 rejeitada por erro: GTIN inválido (menos de 8 dígitos)
2026-02-27 11:09:48,514 | WARNING | Linha 452 rejeitada por erro: GTIN inválido (menos de 8 dígitos)
2026-02-27 11:09:49,064 | WARNING | Linha 454 rejeitada por erro: GTIN inválido (menos de 8 dígitos)
2026-02-27 11:09:51,456 | WARNING | Linha 461 rejeitada por erro: GTIN inválido (menos de 8 dígitos)
2026-02-27 11:09:51,813 | WARNING | Linha 463 rejeitada por erro: GTIN inválido (menos de 8 dígitos)
2026-02-27 11:09:54,873 | WARNING | Linha 472 rejeitada por erro: GTIN inválido (menos de 8 dígitos)
2026-02-27 11:09:54,875 | WARNING | Linha 473 rejeitada por erro: GTIN inválido (menos de 8 dígitos)
2026-02-27 11:09:54,877 | WARNING | Linha 474 rejeitada por erro: GTIN inválido (menos de 8 dígitos)
2026-02-27 11:09:54,881 | WARNING | Linha 475 rejeitada por erro: GTIN inválido (menos de 8 dígitos)
2026-02-27 11:09:54,882 | WARNING | Linha 476 rejeitada por erro: GTIN inválido (menos de 8 dígitos)
2026-02-27 11:09:54,883 | WARNING | Linha 477 rejeitada por erro: GTIN inválido (menos de 8 dígitos)
2026-02-27 11:09:54,886 | WARNING | Linha 478 rejeitada por erro: GTIN inválido (menos de 8 dígitos)
2026-02-27 11:10:03,149 | WARNING | Linha 500 rejeitada por erro: GTIN inválido (menos de 8 dígitos)
2026-02-27 11:10:03,150 | WARNING | Linha 501 rejeitada por erro: GTIN inválido (menos de 8 dígitos)
2026-02-27 11:10:03,151 | WARNING | Linha 502 rejeitada por erro: GTIN inválido (menos de 8 dígitos)
2026-02-27 11:10:03,152 | WARNING | Linha 503 rejeitada por erro: GTIN inválido (menos de 8 dígitos)
2026-02-27 11:10:03,153 | WARNING | Linha 504 rejeitada por erro: GTIN inválido (menos de 8 dígitos)
2026-02-27 11:10:03,154 | WARNING | Linha 505 rejeitada por erro: GTIN inválido (menos de 8 dígitos)
2026-02-27 11:10:03,155 | WARNING | Linha 506 rejeitada por erro: GTIN inválido (menos de 8 dígitos)
2026-02-27 11:10:03,156 | WARNING | Linha 507 rejeitada por erro: GTIN inválido (menos de 8 dígitos)
2026-02-27 11:10:03,157 | WARNING | Linha 508 rejeitada por erro: GTIN inválido (menos de 8 dígitos)
2026-02-27 11:10:03,158 | WARNING | Linha 509 rejeitada por erro: GTIN inválido (menos de 8 dígitos)
2026-02-27 11:10:03,159 | WARNING | Linha 510 rejeitada por erro: GTIN inválido (menos de 8 dígitos)
2026-02-27 11:10:03,160 | WARNING | Linha 511 rejeitada por erro: GTIN inválido (menos de 8 dígitos)
2026-02-27 11:10:03,161 | WARNING | Linha 512 rejeitada por erro: GTIN inválido (menos de 8 dígitos)
2026-02-27 11:10:03,168 | WARNING | Linha 513 rejeitada por erro: GTIN inválido (menos de 8 dígitos)
2026-02-27 11:10:03,170 | WARNING | Linha 514 rejeitada por erro: GTIN inválido (menos de 8 dígitos)
2026-02-27 11:10:03,171 | WARNING | Linha 515 rejeitada por erro: GTIN inválido (menos de 8 dígitos)
2026-02-27 11:10:03,172 | WARNING | Linha 516 rejeitada por erro: GTIN inválido (menos de 8 dígitos)
2026-02-27 11:10:03,173 | WARNING | Linha 517 rejeitada por erro: GTIN inválido (menos de 8 dígitos)
2026-02-27 11:10:03,174 | WARNING | Linha 518 rejeitada por erro: GTIN inválido (menos de 8 dígitos)
2026-02-27 11:10:03,176 | WARNING | Linha 519 rejeitada por erro: GTIN inválido (menos de 8 dígitos)
2026-02-27 11:10:03,178 | WARNING | Linha 520 rejeitada por erro: GTIN inválido (menos de 8 dígitos)
2026-02-27 11:10:03,184 | WARNING | Linha 521 rejeitada por erro: GTIN inválido (menos de 8 dígitos)
2026-02-27 11:10:03,185 | WARNING | Linha 522 rejeitada por erro: GTIN inválido (menos de 8 dígitos)
2026-02-27 11:10:03,186 | WARNING | Linha 523 rejeitada por erro: GTIN inválido (menos de 8 dígitos)
2026-02-27 11:10:03,188 | WARNING | Linha 524 rejeitada por erro: GTIN inválido (menos de 8 dígitos)
2026-02-27 11:10:03,189 | WARNING | Linha 525 rejeitada por erro: GTIN inválido (menos de 8 dígitos)
2026-02-27 11:10:03,190 | WARNING | Linha 526 rejeitada por erro: GTIN inválido (menos de 8 dígitos)
2026-02-27 11:10:03,192 | WARNING | Linha 527 rejeitada por erro: GTIN inválido (menos de 8 dígitos)
2026-02-27 11:10:03,193 | WARNING | Linha 528 rejeitada por erro: GTIN inválido (menos de 8 dígitos)
2026-02-27 11:10:03,194 | WARNING | Linha 529 rejeitada por erro: GTIN inválido (menos de 8 dígitos)
2026-02-27 11:10:03,196 | WARNING | Linha 530 rejeitada por erro: GTIN inválido (menos de 8 dígitos)
2026-02-27 11:10:03,201 | WARNING | Linha 531 rejeitada por erro: GTIN inválido (menos de 8 dígitos)
2026-02-27 11:10:03,202 | WARNING | Linha 532 rejeitada por erro: GTIN inválido (menos de 8 dígitos)
2026-02-27 11:10:03,203 | WARNING | Linha 533 rejeitada por erro: GTIN inválido (menos de 8 dígitos)
2026-02-27 11:10:03,204 | WARNING | Linha 534 rejeitada por erro: GTIN inválido (menos de 8 dígitos)
2026-02-27 11:10:03,205 | WARNING | Linha 535 rejeitada por erro: GTIN inválido (menos de 8 dígitos)
2026-02-27 11:10:03,205 | WARNING | Linha 536 rejeitada por erro: GTIN inválido (menos de 8 dígitos)
2026-02-27 11:10:03,206 | WARNING | Linha 537 rejeitada por erro: GTIN inválido (menos de 8 dígitos)
2026-02-27 11:10:03,208 | WARNING | Linha 538 rejeitada por erro: GTIN inválido (menos de 8 dígitos)
2026-02-27 11:10:03,208 | WARNING | Linha 539 rejeitada por erro: GTIN inválido (menos de 8 dígitos)
2026-02-27 11:10:03,209 | WARNING | Linha 540 rejeitada por erro: GTIN inválido (menos de 8 dígitos)
2026-02-27 11:10:03,210 | WARNING | Linha 541 rejeitada por erro: GTIN inválido (menos de 8 dígitos)
2026-02-27 11:10:03,211 | WARNING | Linha 542 rejeitada por erro: GTIN inválido (menos de 8 dígitos)
2026-02-27 11:10:03,215 | WARNING | Linha 543 rejeitada por erro: GTIN inválido (menos de 8 dígitos)
2026-02-27 11:10:03,217 | WARNING | Linha 544 rejeitada por erro: GTIN inválido (menos de 8 dígitos)
2026-02-27 11:10:03,219 | WARNING | Linha 545 rejeitada por erro: GTIN inválido (menos de 8 dígitos)
2026-02-27 11:10:03,220 | WARNING | Linha 546 rejeitada por erro: GTIN inválido (menos de 8 dígitos)
2026-02-27 11:10:03,221 | WARNING | Linha 547 rejeitada por erro: GTIN inválido (menos de 8 dígitos)
2026-02-27 11:10:03,222 | WARNING | Linha 548 rejeitada por erro: GTIN inválido (menos de 8 dígitos)
2026-02-27 11:10:03,223 | WARNING | Linha 549 rejeitada por erro: GTIN inválido (menos de 8 dígitos)
2026-02-27 11:10:03,225 | WARNING | Linha 550 rejeitada por erro: GTIN inválido (menos de 8 dígitos)
2026-02-27 11:10:03,226 | WARNING | Linha 551 rejeitada por erro: GTIN inválido (menos de 8 dígitos)
2026-02-27 11:10:03,226 | WARNING | Linha 552 rejeitada por erro: GTIN inválido (menos de 8 dígitos)
2026-02-27 11:10:03,228 | WARNING | Linha 553 rejeitada por erro: GTIN inválido (menos de 8 dígitos)
2026-02-27 11:10:03,229 | WARNING | Linha 554 rejeitada por erro: GTIN inválido (menos de 8 dígitos)
2026-02-27 11:10:03,231 | WARNING | Linha 555 rejeitada por erro: GTIN inválido (menos de 8 dígitos)
2026-02-27 11:10:03,233 | WARNING | Linha 556 rejeitada por erro: GTIN inválido (menos de 8 dígitos)
2026-02-27 11:10:03,234 | WARNING | Linha 557 rejeitada por erro: GTIN inválido (menos de 8 dígitos)
2026-02-27 11:10:03,235 | WARNING | Linha 558 rejeitada por erro: GTIN inválido (menos de 8 dígitos)
2026-02-27 11:10:03,235 | WARNING | Linha 559 rejeitada por erro: GTIN inválido (menos de 8 dígitos)
2026-02-27 11:10:03,236 | WARNING | Linha 560 rejeitada por erro: GTIN inválido (menos de 8 dígitos)
2026-02-27 11:10:03,237 | WARNING | Linha 561 rejeitada por erro: GTIN inválido (menos de 8 dígitos)
2026-02-27 11:10:03,238 | WARNING | Linha 562 rejeitada por erro: GTIN inválido (menos de 8 dígitos)
2026-02-27 11:10:03,238 | WARNING | Linha 563 rejeitada por erro: GTIN inválido (menos de 8 dígitos)
2026-02-27 11:10:03,239 | WARNING | Linha 564 rejeitada por erro: GTIN inválido (menos de 8 dígitos)
2026-02-27 11:10:03,240 | WARNING | Linha 565 rejeitada por erro: GTIN inválido (menos de 8 dígitos)
2026-02-27 11:10:03,241 | WARNING | Linha 566 rejeitada por erro: GTIN inválido (menos de 8 dígitos)
2026-02-27 11:10:03,241 | WARNING | Linha 567 rejeitada por erro: GTIN inválido (menos de 8 dígitos)
2026-02-27 11:10:03,242 | WARNING | Linha 568 rejeitada por erro: GTIN inválido (menos de 8 dígitos)
2026-02-27 11:10:03,243 | WARNING | Linha 569 rejeitada por erro: GTIN inválido (menos de 8 dígitos)
2026-02-27 11:10:03,244 | WARNING | Linha 570 rejeitada por erro: GTIN inválido (menos de 8 dígitos)
2026-02-27 11:10:03,245 | WARNING | Linha 571 rejeitada por erro: GTIN inválido (menos de 8 dígitos)
2026-02-27 11:10:03,246 | WARNING | Linha 572 rejeitada por erro: GTIN inválido (menos de 8 dígitos)
2026-02-27 11:10:03,248 | WARNING | Linha 573 rejeitada por erro: GTIN inválido (menos de 8 dígitos)
2026-02-27 11:10:03,249 | WARNING | Linha 574 rejeitada por erro: GTIN inválido (menos de 8 dígitos)
2026-02-27 11:10:03,250 | WARNING | Linha 575 rejeitada por erro: GTIN inválido (menos de 8 dígitos)
2026-02-27 11:10:03,251 | WARNING | Linha 576 rejeitada por erro: GTIN inválido (menos de 8 dígitos)
2026-02-27 11:10:03,252 | WARNING | Linha 577 rejeitada por erro: GTIN inválido (menos de 8 dígitos)
2026-02-27 11:10:03,253 | WARNING | Linha 578 rejeitada por erro: GTIN inválido (menos de 8 dígitos)
2026-02-27 11:10:03,254 | WARNING | Linha 579 rejeitada por erro: GTIN inválido (menos de 8 dígitos)
2026-02-27 11:10:03,255 | WARNING | Linha 580 rejeitada por erro: GTIN inválido (menos de 8 dígitos)
2026-02-27 11:10:03,255 | WARNING | Linha 581 rejeitada por erro: GTIN inválido (menos de 8 dígitos)
2026-02-27 11:10:03,256 | WARNING | Linha 582 rejeitada por erro: GTIN inválido (menos de 8 dígitos)
2026-02-27 11:10:03,258 | WARNING | Linha 583 rejeitada por erro: GTIN inválido (menos de 8 dígitos)
2026-02-27 11:10:03,261 | WARNING | Linha 584 rejeitada por erro: GTIN inválido (menos de 8 dígitos)
2026-02-27 11:10:03,264 | WARNING | Linha 585 rejeitada por erro: GTIN inválido (menos de 8 dígitos)
2026-02-27 11:10:03,265 | WARNING | Linha 586 rejeitada por erro: GTIN inválido (menos de 8 dígitos)
2026-02-27 11:10:03,266 | WARNING | Linha 587 rejeitada por erro: GTIN inválido (menos de 8 dígitos)
2026-02-27 11:10:03,267 | WARNING | Linha 588 rejeitada por erro: GTIN inválido (menos de 8 dígitos)
2026-02-27 11:10:03,269 | WARNING | Linha 589 rejeitada por erro: GTIN inválido (menos de 8 dígitos)
2026-02-27 11:10:03,270 | WARNING | Linha 590 rejeitada por erro: GTIN inválido (menos de 8 dígitos)
2026-02-27 11:10:03,270 | WARNING | Linha 591 rejeitada por erro: GTIN inválido (menos de 8 dígitos)
2026-02-27 11:10:03,271 | WARNING | Linha 592 rejeitada por erro: GTIN inválido (menos de 8 dígitos)
2026-02-27 11:10:03,272 | WARNING | Linha 593 rejeitada por erro: GTIN inválido (menos de 8 dígitos)
2026-02-27 11:10:03,273 | WARNING | Linha 594 rejeitada por erro: GTIN inválido (menos de 8 dígitos)
2026-02-27 11:10:03,274 | WARNING | Linha 595 rejeitada por erro: GTIN inválido (menos de 8 dígitos)
2026-02-27 11:10:03,275 | WARNING | Linha 596 rejeitada por erro: GTIN inválido (menos de 8 dígitos)
2026-02-27 11:10:03,276 | WARNING | Linha 597 rejeitada por erro: GTIN inválido (menos de 8 dígitos)
2026-02-27 11:10:03,279 | WARNING | Linha 598 rejeitada por erro: GTIN inválido (menos de 8 dígitos)
2026-02-27 11:10:03,281 | WARNING | Linha 599 rejeitada por erro: GTIN inválido (menos de 8 dígitos)
2026-02-27 11:10:03,283 | WARNING | Linha 600 rejeitada por erro: GTIN inválido (menos de 8 dígitos)
2026-02-27 11:10:03,284 | WARNING | Linha 601 rejeitada por erro: GTIN inválido (menos de 8 dígitos)
2026-02-27 11:10:03,285 | WARNING | Linha 602 rejeitada por erro: GTIN inválido (menos de 8 dígitos)
2026-02-27 11:10:03,285 | WARNING | Linha 603 rejeitada por erro: GTIN inválido (menos de 8 dígitos)
2026-02-27 11:10:03,286 | WARNING | Linha 604 rejeitada por erro: GTIN inválido (menos de 8 dígitos)
2026-02-27 11:10:03,287 | WARNING | Linha 605 rejeitada por erro: GTIN inválido (menos de 8 dígitos)
2026-02-27 11:10:03,288 | WARNING | Linha 606 rejeitada por erro: GTIN inválido (menos de 8 dígitos)
2026-02-27 11:10:03,289 | WARNING | Linha 607 rejeitada por erro: GTIN inválido (menos de 8 dígitos)
2026-02-27 11:10:03,290 | WARNING | Linha 608 rejeitada por erro: GTIN inválido (menos de 8 dígitos)
2026-02-27 11:10:03,291 | WARNING | Linha 609 rejeitada por erro: GTIN inválido (menos de 8 dígitos)
2026-02-27 11:10:03,293 | WARNING | Linha 610 rejeitada por erro: GTIN inválido (menos de 8 dígitos)
2026-02-27 11:10:03,298 | WARNING | Linha 611 rejeitada por erro: GTIN inválido (menos de 8 dígitos)
2026-02-27 11:10:03,301 | WARNING | Linha 612 rejeitada por erro: GTIN inválido (menos de 8 dígitos)
2026-02-27 11:10:03,302 | WARNING | Linha 613 rejeitada por erro: GTIN inválido (menos de 8 dígitos)
2026-02-27 11:10:03,303 | WARNING | Linha 614 rejeitada por erro: GTIN inválido (menos de 8 dígitos)
2026-02-27 11:10:03,304 | WARNING | Linha 615 rejeitada por erro: GTIN inválido (menos de 8 dígitos)
2026-02-27 11:10:03,305 | WARNING | Linha 616 rejeitada por erro: GTIN inválido (menos de 8 dígitos)
2026-02-27 11:10:03,306 | WARNING | Linha 617 rejeitada por erro: GTIN inválido (menos de 8 dígitos)
2026-02-27 11:10:03,306 | WARNING | Linha 618 rejeitada por erro: GTIN inválido (menos de 8 dígitos)
2026-02-27 11:10:03,307 | WARNING | Linha 619 rejeitada por erro: GTIN inválido (menos de 8 dígitos)
2026-02-27 11:10:03,309 | WARNING | Linha 620 rejeitada por erro: GTIN inválido (menos de 8 dígitos)
2026-02-27 11:10:03,310 | WARNING | Linha 621 rejeitada por erro: GTIN inválido (menos de 8 dígitos)
2026-02-27 11:10:03,312 | WARNING | Linha 622 rejeitada por erro: GTIN inválido (menos de 8 dígitos)
2026-02-27 11:10:03,314 | WARNING | Linha 623 rejeitada por erro: GTIN inválido (menos de 8 dígitos)
2026-02-27 11:10:03,316 | WARNING | Linha 624 rejeitada por erro: GTIN inválido (menos de 8 dígitos)
2026-02-27 11:10:03,317 | WARNING | Linha 625 rejeitada por erro: GTIN inválido (menos de 8 dígitos)
2026-02-27 11:10:03,318 | WARNING | Linha 626 rejeitada por erro: GTIN inválido (menos de 8 dígitos)
2026-02-27 11:10:03,320 | WARNING | Linha 627 rejeitada por erro: GTIN inválido (menos de 8 dígitos)
2026-02-27 11:10:03,321 | WARNING | Linha 628 rejeitada por erro: GTIN inválido (menos de 8 dígitos)
2026-02-27 11:10:03,323 | WARNING | Linha 629 rejeitada por erro: GTIN inválido (menos de 8 dígitos)
2026-02-27 11:10:03,324 | WARNING | Linha 630 rejeitada por erro: GTIN inválido (menos de 8 dígitos)
2026-02-27 11:10:03,325 | WARNING | Linha 631 rejeitada por erro: GTIN inválido (menos de 8 dígitos)
2026-02-27 11:10:03,326 | WARNING | Linha 632 rejeitada por erro: GTIN inválido (menos de 8 dígitos)
2026-02-27 11:10:03,332 | WARNING | Linha 633 rejeitada por erro: GTIN inválido (menos de 8 dígitos)
2026-02-27 11:10:03,333 | WARNING | Linha 634 rejeitada por erro: GTIN inválido (menos de 8 dígitos)
2026-02-27 11:10:03,335 | WARNING | Linha 635 rejeitada por erro: GTIN inválido (menos de 8 dígitos)
2026-02-27 11:10:03,337 | WARNING | Linha 636 rejeitada por erro: GTIN inválido (menos de 8 dígitos)
2026-02-27 11:10:03,341 | WARNING | Linha 637 rejeitada por erro: GTIN inválido (menos de 8 dígitos)
2026-02-27 11:10:03,344 | WARNING | Linha 638 rejeitada por erro: GTIN inválido (menos de 8 dígitos)
2026-02-27 11:10:03,348 | WARNING | Linha 639 rejeitada por erro: GTIN inválido (menos de 8 dígitos)
2026-02-27 11:10:03,352 | WARNING | Linha 640 rejeitada por erro: GTIN inválido (menos de 8 dígitos)
2026-02-27 11:10:03,354 | WARNING | Linha 641 rejeitada por erro: GTIN inválido (menos de 8 dígitos)
2026-02-27 11:10:03,361 | WARNING | Linha 642 rejeitada por erro: GTIN inválido (menos de 8 dígitos)
2026-02-27 11:10:03,367 | WARNING | Linha 643 rejeitada por erro: GTIN inválido (menos de 8 dígitos)
2026-02-27 11:10:03,369 | WARNING | Linha 644 rejeitada por erro: GTIN inválido (menos de 8 dígitos)
2026-02-27 11:10:03,371 | WARNING | Linha 645 rejeitada por erro: GTIN inválido (menos de 8 dígitos)
2026-02-27 11:10:03,374 | WARNING | Linha 646 rejeitada por erro: GTIN inválido (menos de 8 dígitos)
2026-02-27 11:10:03,390 | WARNING | Linha 647 rejeitada por erro: GTIN inválido (menos de 8 dígitos)
2026-02-27 11:10:03,393 | WARNING | Linha 648 rejeitada por erro: GTIN inválido (menos de 8 dígitos)
2026-02-27 11:10:03,402 | WARNING | Linha 649 rejeitada por erro: GTIN inválido (menos de 8 dígitos)
2026-02-27 11:10:03,409 | WARNING | Linha 650 rejeitada por erro: GTIN inválido (menos de 8 dígitos)
2026-02-27 11:10:03,411 | WARNING | Linha 651 rejeitada por erro: GTIN inválido (menos de 8 dígitos)
2026-02-27 11:10:03,412 | WARNING | Linha 652 rejeitada por erro: GTIN inválido (menos de 8 dígitos)
2026-02-27 11:10:03,417 | WARNING | Linha 653 rejeitada por erro: GTIN inválido (menos de 8 dígitos)
2026-02-27 11:10:03,419 | WARNING | Linha 654 rejeitada por erro: GTIN inválido (menos de 8 dígitos)
2026-02-27 11:10:03,421 | WARNING | Linha 655 rejeitada por erro: GTIN inválido (menos de 8 dígitos)
2026-02-27 11:10:03,423 | WARNING | Linha 656 rejeitada por erro: GTIN inválido (menos de 8 dígitos)
2026-02-27 11:10:03,426 | WARNING | Linha 657 rejeitada por erro: GTIN inválido (menos de 8 dígitos)
2026-02-27 11:10:03,428 | WARNING | Linha 658 rejeitada por erro: GTIN inválido (menos de 8 dígitos)
2026-02-27 11:10:03,442 | WARNING | Linha 659 rejeitada por erro: GTIN inválido (menos de 8 dígitos)
2026-02-27 11:10:03,444 | WARNING | Linha 660 rejeitada por erro: GTIN inválido (menos de 8 dígitos)
2026-02-27 11:10:03,448 | WARNING | Linha 661 rejeitada por erro: GTIN inválido (menos de 8 dígitos)
2026-02-27 11:10:03,453 | WARNING | Linha 662 rejeitada por erro: GTIN inválido (menos de 8 dígitos)
2026-02-27 11:10:03,457 | WARNING | Linha 663 rejeitada por erro: GTIN inválido (menos de 8 dígitos)
2026-02-27 11:10:03,469 | WARNING | Linha 664 rejeitada por erro: GTIN inválido (menos de 8 dígitos)
2026-02-27 11:10:03,478 | WARNING | Linha 665 rejeitada por erro: GTIN inválido (menos de 8 dígitos)
2026-02-27 11:10:03,481 | WARNING | Linha 666 rejeitada por erro: GTIN inválido (menos de 8 dígitos)
2026-02-27 11:10:03,483 | WARNING | Linha 667 rejeitada por erro: GTIN inválido (menos de 8 dígitos)
2026-02-27 11:10:03,485 | WARNING | Linha 668 rejeitada por erro: GTIN inválido (menos de 8 dígitos)
2026-02-27 11:10:03,486 | WARNING | Linha 669 rejeitada por erro: GTIN inválido (menos de 8 dígitos)
2026-02-27 11:10:03,488 | WARNING | Linha 670 rejeitada por erro: GTIN inválido (menos de 8 dígitos)
2026-02-27 11:10:03,494 | WARNING | Linha 671 rejeitada por erro: GTIN inválido (menos de 8 dígitos)
2026-02-27 11:10:03,496 | WARNING | Linha 672 rejeitada por erro: GTIN inválido (menos de 8 dígitos)
2026-02-27 11:10:03,499 | WARNING | Linha 673 rejeitada por erro: GTIN inválido (menos de 8 dígitos)
2026-02-27 11:10:03,500 | WARNING | Linha 674 rejeitada por erro: GTIN inválido (menos de 8 dígitos)
2026-02-27 11:10:03,502 | WARNING | Linha 675 rejeitada por erro: GTIN inválido (menos de 8 dígitos)
2026-02-27 11:10:03,504 | WARNING | Linha 676 rejeitada por erro: GTIN inválido (menos de 8 dígitos)
2026-02-27 11:10:03,505 | WARNING | Linha 677 rejeitada por erro: GTIN inválido (menos de 8 dígitos)
2026-02-27 11:10:03,507 | WARNING | Linha 678 rejeitada por erro: GTIN inválido (menos de 8 dígitos)
2026-02-27 11:10:03,511 | WARNING | Linha 679 rejeitada por erro: GTIN inválido (menos de 8 dígitos)
2026-02-27 11:10:03,514 | WARNING | Linha 680 rejeitada por erro: GTIN inválido (menos de 8 dígitos)
2026-02-27 11:10:03,516 | WARNING | Linha 681 rejeitada por erro: GTIN inválido (menos de 8 dígitos)
2026-02-27 11:10:03,517 | WARNING | Linha 682 rejeitada por erro: GTIN inválido (menos de 8 dígitos)
2026-02-27 11:10:03,518 | WARNING | Linha 683 rejeitada por erro: GTIN inválido (menos de 8 dígitos)
2026-02-27 11:10:03,520 | WARNING | Linha 684 rejeitada por erro: GTIN inválido (menos de 8 dígitos)
2026-02-27 11:10:03,521 | WARNING | Linha 685 rejeitada por erro: GTIN inválido (menos de 8 dígitos)
2026-02-27 11:10:03,524 | WARNING | Linha 686 rejeitada por erro: GTIN inválido (menos de 8 dígitos)
2026-02-27 11:10:03,528 | WARNING | Linha 687 rejeitada por erro: GTIN inválido (menos de 8 dígitos)
2026-02-27 11:10:03,531 | WARNING | Linha 688 rejeitada por erro: GTIN inválido (menos de 8 dígitos)
2026-02-27 11:10:03,533 | WARNING | Linha 689 rejeitada por erro: GTIN inválido (menos de 8 dígitos)
2026-02-27 11:10:03,534 | WARNING | Linha 690 rejeitada por erro: GTIN inválido (menos de 8 dígitos)
2026-02-27 11:10:03,535 | WARNING | Linha 691 rejeitada por erro: GTIN inválido (menos de 8 dígitos)
2026-02-27 11:10:03,536 | WARNING | Linha 692 rejeitada por erro: GTIN inválido (menos de 8 dígitos)
2026-02-27 11:10:03,537 | WARNING | Linha 693 rejeitada por erro: GTIN inválido (menos de 8 dígitos)
2026-02-27 11:10:03,538 | WARNING | Linha 694 rejeitada por erro: GTIN inválido (menos de 8 dígitos)
2026-02-27 11:10:03,539 | WARNING | Linha 695 rejeitada por erro: GTIN inválido (menos de 8 dígitos)
2026-02-27 11:10:03,540 | WARNING | Linha 696 rejeitada por erro: GTIN inválido (menos de 8 dígitos)
2026-02-27 11:10:03,541 | WARNING | Linha 697 rejeitada por erro: GTIN inválido (menos de 8 dígitos)
2026-02-27 11:10:03,543 | WARNING | Linha 698 rejeitada por erro: GTIN inválido (menos de 8 dígitos)
2026-02-27 11:10:03,544 | WARNING | Linha 699 rejeitada por erro: GTIN inválido (menos de 8 dígitos)
2026-02-27 11:10:03,545 | WARNING | Linha 700 rejeitada por erro: GTIN inválido (menos de 8 dígitos)
2026-02-27 11:10:03,550 | WARNING | Linha 701 rejeitada por erro: GTIN inválido (menos de 8 dígitos)
2026-02-27 11:10:03,551 | WARNING | Linha 702 rejeitada por erro: GTIN inválido (menos de 8 dígitos)
2026-02-27 11:10:03,552 | WARNING | Linha 703 rejeitada por erro: GTIN inválido (menos de 8 dígitos)
2026-02-27 11:10:03,553 | WARNING | Linha 704 rejeitada por erro: GTIN inválido (menos de 8 dígitos)
2026-02-27 11:10:03,553 | WARNING | Linha 705 rejeitada por erro: GTIN inválido (menos de 8 dígitos)
2026-02-27 11:10:03,555 | WARNING | Linha 706 rejeitada por erro: GTIN inválido (menos de 8 dígitos)
2026-02-27 11:10:03,556 | WARNING | Linha 707 rejeitada por erro: GTIN inválido (menos de 8 dígitos)
2026-02-27 11:10:03,557 | WARNING | Linha 708 rejeitada por erro: GTIN inválido (menos de 8 dígitos)
2026-02-27 11:10:03,557 | WARNING | Linha 709 rejeitada por erro: GTIN inválido (menos de 8 dígitos)
2026-02-27 11:10:03,558 | WARNING | Linha 710 rejeitada por erro: GTIN inválido (menos de 8 dígitos)
2026-02-27 11:10:03,564 | WARNING | Linha 711 rejeitada por erro: GTIN inválido (menos de 8 dígitos)
2026-02-27 11:10:03,567 | WARNING | Linha 712 rejeitada por erro: GTIN inválido (menos de 8 dígitos)
2026-02-27 11:10:03,568 | WARNING | Linha 713 rejeitada por erro: GTIN inválido (menos de 8 dígitos)
2026-02-27 11:10:03,569 | WARNING | Linha 714 rejeitada por erro: GTIN inválido (menos de 8 dígitos)
2026-02-27 11:10:03,570 | WARNING | Linha 715 rejeitada por erro: GTIN inválido (menos de 8 dígitos)
2026-02-27 11:10:03,572 | WARNING | Linha 716 rejeitada por erro: GTIN inválido (menos de 8 dígitos)
2026-02-27 11:10:03,573 | WARNING | Linha 717 rejeitada por erro: GTIN inválido (menos de 8 dígitos)
2026-02-27 11:10:03,574 | WARNING | Linha 718 rejeitada por erro: GTIN inválido (menos de 8 dígitos)
2026-02-27 11:10:03,574 | WARNING | Linha 719 rejeitada por erro: GTIN inválido (menos de 8 dígitos)
2026-02-27 11:10:03,576 | WARNING | Linha 720 rejeitada por erro: GTIN inválido (menos de 8 dígitos)
2026-02-27 11:10:03,579 | WARNING | Linha 721 rejeitada por erro: GTIN inválido (menos de 8 dígitos)
2026-02-27 11:10:03,581 | WARNING | Linha 722 rejeitada por erro: GTIN inválido (menos de 8 dígitos)
2026-02-27 11:10:03,584 | WARNING | Linha 723 rejeitada por erro: GTIN inválido (menos de 8 dígitos)
2026-02-27 11:10:03,585 | WARNING | Linha 724 rejeitada por erro: GTIN inválido (menos de 8 dígitos)
2026-02-27 11:10:03,586 | WARNING | Linha 725 rejeitada por erro: GTIN inválido (menos de 8 dígitos)
2026-02-27 11:10:03,588 | WARNING | Linha 726 rejeitada por erro: GTIN inválido (menos de 8 dígitos)
2026-02-27 11:10:03,590 | WARNING | Linha 727 rejeitada por erro: GTIN inválido (menos de 8 dígitos)
2026-02-27 11:10:03,592 | WARNING | Linha 728 rejeitada por erro: GTIN inválido (menos de 8 dígitos)
2026-02-27 11:10:03,592 | WARNING | Linha 729 rejeitada por erro: GTIN inválido (menos de 8 dígitos)
2026-02-27 11:10:03,594 | WARNING | Linha 730 rejeitada por erro: GTIN inválido (menos de 8 dígitos)
2026-02-27 11:10:03,595 | WARNING | Linha 731 rejeitada por erro: GTIN inválido (menos de 8 dígitos)
2026-02-27 11:10:03,600 | WARNING | Linha 732 rejeitada por erro: GTIN inválido (menos de 8 dígitos)
2026-02-27 11:10:03,603 | WARNING | Linha 733 rejeitada por erro: GTIN inválido (menos de 8 dígitos)
2026-02-27 11:10:03,605 | WARNING | Linha 734 rejeitada por erro: GTIN inválido (menos de 8 dígitos)
2026-02-27 11:10:03,608 | WARNING | Linha 735 rejeitada por erro: GTIN inválido (menos de 8 dígitos)
2026-02-27 11:10:03,610 | WARNING | Linha 736 rejeitada por erro: GTIN inválido (menos de 8 dígitos)
2026-02-27 11:10:03,616 | WARNING | Linha 737 rejeitada por erro: GTIN inválido (menos de 8 dígitos)
2026-02-27 11:10:03,619 | WARNING | Linha 738 rejeitada por erro: GTIN inválido (menos de 8 dígitos)
2026-02-27 11:10:03,622 | WARNING | Linha 739 rejeitada por erro: GTIN inválido (menos de 8 dígitos)
2026-02-27 11:10:03,624 | WARNING | Linha 740 rejeitada por erro: GTIN inválido (menos de 8 dígitos)
2026-02-27 11:10:03,625 | WARNING | Linha 741 rejeitada por erro: GTIN inválido (menos de 8 dígitos)
2026-02-27 11:10:03,629 | WARNING | Linha 742 rejeitada por erro: GTIN inválido (menos de 8 dígitos)
2026-02-27 11:10:03,641 | WARNING | Linha 743 rejeitada por erro: GTIN inválido (menos de 8 dígitos)
2026-02-27 11:10:03,643 | WARNING | Linha 744 rejeitada por erro: GTIN inválido (menos de 8 dígitos)
2026-02-27 11:10:03,649 | WARNING | Linha 745 rejeitada por erro: GTIN inválido (menos de 8 dígitos)
2026-02-27 11:10:03,654 | WARNING | Linha 746 rejeitada por erro: GTIN inválido (menos de 8 dígitos)
2026-02-27 11:10:03,657 | WARNING | Linha 747 rejeitada por erro: GTIN inválido (menos de 8 dígitos)
2026-02-27 11:10:03,660 | WARNING | Linha 748 rejeitada por erro: GTIN inválido (menos de 8 dígitos)
2026-02-27 11:10:03,661 | WARNING | Linha 749 rejeitada por erro: GTIN inválido (menos de 8 dígitos)
2026-02-27 11:10:03,663 | WARNING | Linha 750 rejeitada por erro: GTIN inválido (menos de 8 dígitos)
2026-02-27 11:10:03,668 | WARNING | Linha 751 rejeitada por erro: GTIN inválido (menos de 8 dígitos)
2026-02-27 11:10:03,669 | WARNING | Linha 752 rejeitada por erro: GTIN inválido (menos de 8 dígitos)
2026-02-27 11:10:03,672 | WARNING | Linha 753 rejeitada por erro: GTIN inválido (menos de 8 dígitos)
2026-02-27 11:10:03,673 | WARNING | Linha 754 rejeitada por erro: GTIN inválido (menos de 8 dígitos)
2026-02-27 11:10:03,674 | WARNING | Linha 755 rejeitada por erro: GTIN inválido (menos de 8 dígitos)
2026-02-27 11:10:03,676 | WARNING | Linha 756 rejeitada por erro: GTIN inválido (menos de 8 dígitos)
2026-02-27 11:10:03,677 | WARNING | Linha 757 rejeitada por erro: GTIN inválido (menos de 8 dígitos)
2026-02-27 11:10:03,678 | WARNING | Linha 758 rejeitada por erro: GTIN inválido (menos de 8 dígitos)
2026-02-27 11:10:03,683 | WARNING | Linha 759 rejeitada por erro: GTIN inválido (menos de 8 dígitos)
2026-02-27 11:10:03,686 | WARNING | Linha 760 rejeitada por erro: GTIN inválido (menos de 8 dígitos)
2026-02-27 11:10:03,687 | WARNING | Linha 761 rejeitada por erro: GTIN inválido (menos de 8 dígitos)
2026-02-27 11:10:03,688 | WARNING | Linha 762 rejeitada por erro: GTIN inválido (menos de 8 dígitos)
2026-02-27 11:10:03,689 | WARNING | Linha 763 rejeitada por erro: GTIN inválido (menos de 8 dígitos)
2026-02-27 11:10:03,691 | WARNING | Linha 764 rejeitada por erro: GTIN inválido (menos de 8 dígitos)
2026-02-27 11:10:03,692 | WARNING | Linha 765 rejeitada por erro: GTIN inválido (menos de 8 dígitos)
2026-02-27 11:10:03,694 | WARNING | Linha 766 rejeitada por erro: GTIN inválido (menos de 8 dígitos)
2026-02-27 11:10:03,696 | WARNING | Linha 767 rejeitada por erro: GTIN inválido (menos de 8 dígitos)
2026-02-27 11:10:03,700 | WARNING | Linha 768 rejeitada por erro: GTIN inválido (menos de 8 dígitos)
2026-02-27 11:10:03,702 | WARNING | Linha 769 rejeitada por erro: GTIN inválido (menos de 8 dígitos)
2026-02-27 11:10:03,703 | WARNING | Linha 770 rejeitada por erro: GTIN inválido (menos de 8 dígitos)
2026-02-27 11:10:03,704 | WARNING | Linha 771 rejeitada por erro: GTIN inválido (menos de 8 dígitos)
2026-02-27 11:10:03,705 | WARNING | Linha 772 rejeitada por erro: GTIN inválido (menos de 8 dígitos)
2026-02-27 11:10:03,706 | WARNING | Linha 773 rejeitada por erro: GTIN inválido (menos de 8 dígitos)
2026-02-27 11:10:03,707 | WARNING | Linha 774 rejeitada por erro: GTIN inválido (menos de 8 dígitos)
2026-02-27 11:10:03,709 | WARNING | Linha 775 rejeitada por erro: GTIN inválido (menos de 8 dígitos)
2026-02-27 11:10:03,710 | WARNING | Linha 776 rejeitada por erro: GTIN inválido (menos de 8 dígitos)
2026-02-27 11:10:03,712 | WARNING | Linha 777 rejeitada por erro: GTIN inválido (menos de 8 dígitos)
2026-02-27 11:10:03,716 | WARNING | Linha 778 rejeitada por erro: GTIN inválido (menos de 8 dígitos)
2026-02-27 11:10:03,718 | WARNING | Linha 779 rejeitada por erro: GTIN inválido (menos de 8 dígitos)
2026-02-27 11:10:03,722 | WARNING | Linha 780 rejeitada por erro: GTIN inválido (menos de 8 dígitos)
2026-02-27 11:10:03,725 | WARNING | Linha 781 rejeitada por erro: GTIN inválido (menos de 8 dígitos)
2026-02-27 11:10:03,726 | WARNING | Linha 782 rejeitada por erro: GTIN inválido (menos de 8 dígitos)
2026-02-27 11:10:03,742 | WARNING | Linha 783 rejeitada por erro: GTIN inválido (menos de 8 dígitos)
2026-02-27 11:10:03,745 | WARNING | Linha 784 rejeitada por erro: GTIN inválido (menos de 8 dígitos)
2026-02-27 11:10:03,751 | WARNING | Linha 785 rejeitada por erro: GTIN inválido (menos de 8 dígitos)
2026-02-27 11:10:03,753 | WARNING | Linha 786 rejeitada por erro: GTIN inválido (menos de 8 dígitos)
2026-02-27 11:10:03,757 | WARNING | Linha 787 rejeitada por erro: GTIN inválido (menos de 8 dígitos)
2026-02-27 11:10:03,758 | WARNING | Linha 788 rejeitada por erro: GTIN inválido (menos de 8 dígitos)
2026-02-27 11:10:03,760 | WARNING | Linha 789 rejeitada por erro: GTIN inválido (menos de 8 dígitos)
2026-02-27 11:10:03,828 | WARNING | Linha 790 rejeitada por erro: GTIN inválido (menos de 8 dígitos)
2026-02-27 11:10:03,867 | WARNING | Linha 791 rejeitada por erro: GTIN inválido (menos de 8 dígitos)
2026-02-27 11:10:03,895 | WARNING | Linha 792 rejeitada por erro: GTIN inválido (menos de 8 dígitos)
2026-02-27 11:10:03,903 | WARNING | Linha 793 rejeitada por erro: GTIN inválido (menos de 8 dígitos)
2026-02-27 11:10:03,910 | WARNING | Linha 794 rejeitada por erro: GTIN inválido (menos de 8 dígitos)
2026-02-27 11:10:03,912 | WARNING | Linha 795 rejeitada por erro: GTIN inválido (menos de 8 dígitos)
2026-02-27 11:10:03,920 | WARNING | Linha 796 rejeitada por erro: GTIN inválido (menos de 8 dígitos)
2026-02-27 11:10:03,925 | WARNING | Linha 797 rejeitada por erro: GTIN inválido (menos de 8 dígitos)
2026-02-27 11:10:03,928 | WARNING | Linha 798 rejeitada por erro: GTIN inválido (menos de 8 dígitos)
2026-02-27 11:10:03,939 | WARNING | Linha 799 rejeitada por erro: GTIN inválido (menos de 8 dígitos)
2026-02-27 11:10:03,950 | WARNING | Linha 800 rejeitada por erro: GTIN inválido (menos de 8 dígitos)
2026-02-27 11:10:03,955 | WARNING | Linha 801 rejeitada por erro: GTIN inválido (menos de 8 dígitos)
2026-02-27 11:10:03,957 | WARNING | Linha 802 rejeitada por erro: GTIN inválido (menos de 8 dígitos)
2026-02-27 11:10:03,972 | WARNING | Linha 803 rejeitada por erro: GTIN inválido (menos de 8 dígitos)
2026-02-27 11:10:03,975 | WARNING | Linha 804 rejeitada por erro: GTIN inválido (menos de 8 dígitos)
2026-02-27 11:10:03,984 | WARNING | Linha 805 rejeitada por erro: GTIN inválido (menos de 8 dígitos)
2026-02-27 11:10:03,991 | WARNING | Linha 806 rejeitada por erro: GTIN inválido (menos de 8 dígitos)
2026-02-27 11:10:04,006 | WARNING | Linha 807 rejeitada por erro: GTIN inválido (menos de 8 dígitos)
2026-02-27 11:10:04,029 | WARNING | Linha 808 rejeitada por erro: GTIN inválido (menos de 8 dígitos)
2026-02-27 11:10:04,036 | WARNING | Linha 809 rejeitada por erro: GTIN inválido (menos de 8 dígitos)
2026-02-27 11:10:04,038 | WARNING | Linha 810 rejeitada por erro: GTIN inválido (menos de 8 dígitos)
2026-02-27 11:10:04,041 | WARNING | Linha 811 rejeitada por erro: GTIN inválido (menos de 8 dígitos)
2026-02-27 11:10:04,042 | WARNING | Linha 812 rejeitada por erro: GTIN inválido (menos de 8 dígitos)
2026-02-27 11:10:04,044 | WARNING | Linha 813 rejeitada por erro: GTIN inválido (menos de 8 dígitos)
2026-02-27 11:10:04,046 | WARNING | Linha 814 rejeitada por erro: GTIN inválido (menos de 8 dígitos)
2026-02-27 11:10:04,050 | WARNING | Linha 815 rejeitada por erro: GTIN inválido (menos de 8 dígitos)
2026-02-27 11:10:04,052 | WARNING | Linha 816 rejeitada por erro: GTIN inválido (menos de 8 dígitos)
2026-02-27 11:10:04,053 | WARNING | Linha 817 rejeitada por erro: GTIN inválido (menos de 8 dígitos)
2026-02-27 11:10:04,054 | WARNING | Linha 818 rejeitada por erro: GTIN inválido (menos de 8 dígitos)
2026-02-27 11:10:04,055 | WARNING | Linha 819 rejeitada por erro: GTIN inválido (menos de 8 dígitos)
2026-02-27 11:10:04,056 | WARNING | Linha 820 rejeitada por erro: GTIN inválido (menos de 8 dígitos)
2026-02-27 11:10:04,058 | WARNING | Linha 821 rejeitada por erro: GTIN inválido (menos de 8 dígitos)
2026-02-27 11:10:04,059 | WARNING | Linha 822 rejeitada por erro: GTIN inválido (menos de 8 dígitos)
2026-02-27 11:10:04,060 | WARNING | Linha 823 rejeitada por erro: GTIN inválido (menos de 8 dígitos)
2026-02-27 11:10:04,061 | WARNING | Linha 824 rejeitada por erro: GTIN inválido (menos de 8 dígitos)
2026-02-27 11:10:04,066 | WARNING | Linha 825 rejeitada por erro: GTIN inválido (menos de 8 dígitos)
2026-02-27 11:10:04,069 | WARNING | Linha 826 rejeitada por erro: GTIN inválido (menos de 8 dígitos)
2026-02-27 11:10:04,070 | WARNING | Linha 827 rejeitada por erro: GTIN inválido (menos de 8 dígitos)
2026-02-27 11:10:04,071 | WARNING | Linha 828 rejeitada por erro: GTIN inválido (menos de 8 dígitos)
2026-02-27 11:10:04,072 | WARNING | Linha 829 rejeitada por erro: GTIN inválido (menos de 8 dígitos)
2026-02-27 11:10:04,083 | WARNING | Linha 830 rejeitada por erro: GTIN inválido (menos de 8 dígitos)
2026-02-27 11:10:04,085 | WARNING | Linha 831 rejeitada por erro: GTIN inválido (menos de 8 dígitos)
2026-02-27 11:10:04,086 | WARNING | Linha 832 rejeitada por erro: GTIN inválido (menos de 8 dígitos)
2026-02-27 11:10:04,088 | WARNING | Linha 833 rejeitada por erro: GTIN inválido (menos de 8 dígitos)
2026-02-27 11:10:04,089 | WARNING | Linha 834 rejeitada por erro: GTIN inválido (menos de 8 dígitos)
2026-02-27 11:10:04,090 | WARNING | Linha 835 rejeitada por erro: GTIN inválido (menos de 8 dígitos)
2026-02-27 11:10:04,091 | WARNING | Linha 836 rejeitada por erro: GTIN inválido (menos de 8 dígitos)
2026-02-27 11:10:04,092 | WARNING | Linha 837 rejeitada por erro: GTIN inválido (menos de 8 dígitos)
2026-02-27 11:10:04,093 | WARNING | Linha 838 rejeitada por erro: GTIN inválido (menos de 8 dígitos)
2026-02-27 11:10:04,094 | WARNING | Linha 839 rejeitada por erro: GTIN inválido (menos de 8 dígitos)
2026-02-27 11:10:04,095 | WARNING | Linha 840 rejeitada por erro: GTIN inválido (menos de 8 dígitos)
2026-02-27 11:10:04,096 | WARNING | Linha 841 rejeitada por erro: GTIN inválido (menos de 8 dígitos)
2026-02-27 11:10:04,098 | WARNING | Linha 842 rejeitada por erro: GTIN inválido (menos de 8 dígitos)
2026-02-27 11:10:04,100 | WARNING | Linha 843 rejeitada por erro: GTIN inválido (menos de 8 dígitos)
2026-02-27 11:10:04,100 | WARNING | Linha 844 rejeitada por erro: GTIN inválido (menos de 8 dígitos)
2026-02-27 11:10:04,101 | WARNING | Linha 845 rejeitada por erro: GTIN inválido (menos de 8 dígitos)
2026-02-27 11:10:04,102 | WARNING | Linha 846 rejeitada por erro: GTIN inválido (menos de 8 dígitos)
2026-02-27 11:10:04,103 | WARNING | Linha 847 rejeitada por erro: GTIN inválido (menos de 8 dígitos)
2026-02-27 11:10:04,103 | WARNING | Linha 848 rejeitada por erro: GTIN inválido (menos de 8 dígitos)
2026-02-27 11:10:04,104 | WARNING | Linha 849 rejeitada por erro: GTIN inválido (menos de 8 dígitos)
2026-02-27 11:10:04,105 | WARNING | Linha 850 rejeitada por erro: GTIN inválido (menos de 8 dígitos)
2026-02-27 11:10:04,106 | WARNING | Linha 851 rejeitada por erro: GTIN inválido (menos de 8 dígitos)
2026-02-27 11:10:04,107 | WARNING | Linha 852 rejeitada por erro: GTIN inválido (menos de 8 dígitos)
2026-02-27 11:10:04,108 | WARNING | Linha 853 rejeitada por erro: GTIN inválido (menos de 8 dígitos)
2026-02-27 11:10:04,109 | WARNING | Linha 854 rejeitada por erro: GTIN inválido (menos de 8 dígitos)
2026-02-27 11:10:04,111 | WARNING | Linha 855 rejeitada por erro: GTIN inválido (menos de 8 dígitos)
2026-02-27 11:10:04,112 | WARNING | Linha 856 rejeitada por erro: GTIN inválido (menos de 8 dígitos)
2026-02-27 11:10:04,113 | WARNING | Linha 857 rejeitada por erro: GTIN inválido (menos de 8 dígitos)
2026-02-27 11:10:04,118 | WARNING | Linha 858 rejeitada por erro: GTIN inválido (menos de 8 dígitos)
2026-02-27 11:10:04,120 | WARNING | Linha 859 rejeitada por erro: GTIN inválido (menos de 8 dígitos)
2026-02-27 11:10:04,121 | WARNING | Linha 860 rejeitada por erro: GTIN inválido (menos de 8 dígitos)
2026-02-27 11:10:04,123 | WARNING | Linha 861 rejeitada por erro: GTIN inválido (menos de 8 dígitos)
2026-02-27 11:10:04,124 | WARNING | Linha 862 rejeitada por erro: GTIN inválido (menos de 8 dígitos)
2026-02-27 11:10:04,125 | WARNING | Linha 863 rejeitada por erro: GTIN inválido (menos de 8 dígitos)
2026-02-27 11:10:04,126 | WARNING | Linha 864 rejeitada por erro: GTIN inválido (menos de 8 dígitos)
2026-02-27 11:10:04,127 | WARNING | Linha 865 rejeitada por erro: GTIN inválido (menos de 8 dígitos)
2026-02-27 11:10:04,128 | WARNING | Linha 866 rejeitada por erro: GTIN inválido (menos de 8 dígitos)
2026-02-27 11:10:04,128 | WARNING | Linha 867 rejeitada por erro: GTIN inválido (menos de 8 dígitos)
2026-02-27 11:10:04,134 | WARNING | Linha 868 rejeitada por erro: GTIN inválido (menos de 8 dígitos)
2026-02-27 11:10:04,135 | WARNING | Linha 869 rejeitada por erro: GTIN inválido (menos de 8 dígitos)
2026-02-27 11:10:04,136 | WARNING | Linha 870 rejeitada por erro: GTIN inválido (menos de 8 dígitos)
2026-02-27 11:10:04,136 | WARNING | Linha 871 rejeitada por erro: GTIN inválido (menos de 8 dígitos)
2026-02-27 11:10:04,137 | WARNING | Linha 872 rejeitada por erro: GTIN inválido (menos de 8 dígitos)
2026-02-27 11:10:04,138 | WARNING | Linha 873 rejeitada por erro: GTIN inválido (menos de 8 dígitos)
2026-02-27 11:10:04,139 | WARNING | Linha 874 rejeitada por erro: GTIN inválido (menos de 8 dígitos)
2026-02-27 11:10:04,140 | WARNING | Linha 875 rejeitada por erro: GTIN inválido (menos de 8 dígitos)
2026-02-27 11:10:04,140 | WARNING | Linha 876 rejeitada por erro: GTIN inválido (menos de 8 dígitos)
2026-02-27 11:10:04,141 | WARNING | Linha 877 rejeitada por erro: GTIN inválido (menos de 8 dígitos)
2026-02-27 11:10:04,142 | WARNING | Linha 878 rejeitada por erro: GTIN inválido (menos de 8 dígitos)
2026-02-27 11:10:04,143 | WARNING | Linha 879 rejeitada por erro: GTIN inválido (menos de 8 dígitos)
2026-02-27 11:10:04,144 | WARNING | Linha 880 rejeitada por erro: GTIN inválido (menos de 8 dígitos)
2026-02-27 11:10:04,145 | WARNING | Linha 881 rejeitada por erro: GTIN inválido (menos de 8 dígitos)
2026-02-27 11:10:04,146 | WARNING | Linha 882 rejeitada por erro: GTIN inválido (menos de 8 dígitos)
2026-02-27 11:10:04,149 | WARNING | Linha 883 rejeitada por erro: GTIN inválido (menos de 8 dígitos)
2026-02-27 11:10:04,151 | WARNING | Linha 884 rejeitada por erro: GTIN inválido (menos de 8 dígitos)
2026-02-27 11:10:04,153 | WARNING | Linha 885 rejeitada por erro: GTIN inválido (menos de 8 dígitos)
2026-02-27 11:10:04,154 | WARNING | Linha 886 rejeitada por erro: GTIN inválido (menos de 8 dígitos)
2026-02-27 11:10:04,155 | WARNING | Linha 887 rejeitada por erro: GTIN inválido (menos de 8 dígitos)
2026-02-27 11:10:04,156 | WARNING | Linha 888 rejeitada por erro: GTIN inválido (menos de 8 dígitos)
2026-02-27 11:10:04,169 | WARNING | Linha 889 rejeitada por erro: GTIN inválido (menos de 8 dígitos)
2026-02-27 11:10:04,183 | WARNING | Linha 890 rejeitada por erro: GTIN inválido (menos de 8 dígitos)
2026-02-27 11:10:04,191 | WARNING | Linha 891 rejeitada por erro: GTIN inválido (menos de 8 dígitos)
2026-02-27 11:10:04,203 | WARNING | Linha 892 rejeitada por erro: GTIN inválido (menos de 8 dígitos)
2026-02-27 11:10:04,213 | WARNING | Linha 893 rejeitada por erro: GTIN inválido (menos de 8 dígitos)
2026-02-27 11:10:04,222 | WARNING | Linha 894 rejeitada por erro: GTIN inválido (menos de 8 dígitos)
2026-02-27 11:10:04,228 | WARNING | Linha 895 rejeitada por erro: GTIN inválido (menos de 8 dígitos)
2026-02-27 11:10:04,235 | WARNING | Linha 896 rejeitada por erro: GTIN inválido (menos de 8 dígitos)
2026-02-27 11:10:04,237 | WARNING | Linha 897 rejeitada por erro: GTIN inválido (menos de 8 dígitos)
2026-02-27 11:10:04,241 | WARNING | Linha 898 rejeitada por erro: GTIN inválido (menos de 8 dígitos)
2026-02-27 11:10:04,244 | WARNING | Linha 899 rejeitada por erro: GTIN inválido (menos de 8 dígitos)
2026-02-27 11:10:04,249 | WARNING | Linha 900 rejeitada por erro: GTIN inválido (menos de 8 dígitos)
2026-02-27 11:10:04,253 | WARNING | Linha 901 rejeitada por erro: GTIN inválido (menos de 8 dígitos)
2026-02-27 11:10:04,255 | WARNING | Linha 902 rejeitada por erro: GTIN inválido (menos de 8 dígitos)
2026-02-27 11:10:04,258 | WARNING | Linha 903 rejeitada por erro: GTIN inválido (menos de 8 dígitos)
2026-02-27 11:10:04,259 | WARNING | Linha 904 rejeitada por erro: GTIN inválido (menos de 8 dígitos)
2026-02-27 11:10:04,261 | WARNING | Linha 905 rejeitada por erro: GTIN inválido (menos de 8 dígitos)
2026-02-27 11:10:04,262 | WARNING | Linha 906 rejeitada por erro: GTIN inválido (menos de 8 dígitos)
2026-02-27 11:10:04,264 | WARNING | Linha 907 rejeitada por erro: GTIN inválido (menos de 8 dígitos)
2026-02-27 11:10:04,268 | WARNING | Linha 908 rejeitada por erro: GTIN inválido (menos de 8 dígitos)
2026-02-27 11:10:04,269 | WARNING | Linha 909 rejeitada por erro: GTIN inválido (menos de 8 dígitos)
2026-02-27 11:10:04,271 | WARNING | Linha 910 rejeitada por erro: GTIN inválido (menos de 8 dígitos)
2026-02-27 11:10:04,272 | WARNING | Linha 911 rejeitada por erro: GTIN inválido (menos de 8 dígitos)
2026-02-27 11:10:04,273 | WARNING | Linha 912 rejeitada por erro: GTIN inválido (menos de 8 dígitos)
2026-02-27 11:10:04,274 | WARNING | Linha 913 rejeitada por erro: GTIN inválido (menos de 8 dígitos)
2026-02-27 11:10:04,276 | WARNING | Linha 914 rejeitada por erro: GTIN inválido (menos de 8 dígitos)
2026-02-27 11:10:04,277 | WARNING | Linha 915 rejeitada por erro: GTIN inválido (menos de 8 dígitos)
2026-02-27 11:10:04,278 | WARNING | Linha 916 rejeitada por erro: GTIN inválido (menos de 8 dígitos)
2026-02-27 11:10:04,279 | WARNING | Linha 917 rejeitada por erro: GTIN inválido (menos de 8 dígitos)
2026-02-27 11:10:04,286 | WARNING | Linha 918 rejeitada por erro: GTIN inválido (menos de 8 dígitos)
2026-02-27 11:10:04,287 | WARNING | Linha 919 rejeitada por erro: GTIN inválido (menos de 8 dígitos)
2026-02-27 11:10:04,288 | WARNING | Linha 920 rejeitada por erro: GTIN inválido (menos de 8 dígitos)
2026-02-27 11:10:04,289 | WARNING | Linha 921 rejeitada por erro: GTIN inválido (menos de 8 dígitos)
2026-02-27 11:10:04,290 | WARNING | Linha 922 rejeitada por erro: GTIN inválido (menos de 8 dígitos)
2026-02-27 11:10:04,292 | WARNING | Linha 923 rejeitada por erro: GTIN inválido (menos de 8 dígitos)
2026-02-27 11:10:04,293 | WARNING | Linha 924 rejeitada por erro: GTIN inválido (menos de 8 dígitos)
2026-02-27 11:10:04,294 | WARNING | Linha 925 rejeitada por erro: GTIN inválido (menos de 8 dígitos)
2026-02-27 11:10:04,295 | WARNING | Linha 926 rejeitada por erro: GTIN inválido (menos de 8 dígitos)
2026-02-27 11:10:04,296 | WARNING | Linha 927 rejeitada por erro: GTIN inválido (menos de 8 dígitos)
2026-02-27 11:10:04,300 | WARNING | Linha 928 rejeitada por erro: GTIN inválido (menos de 8 dígitos)
2026-02-27 11:10:04,302 | WARNING | Linha 929 rejeitada por erro: GTIN inválido (menos de 8 dígitos)
2026-02-27 11:10:04,304 | WARNING | Linha 930 rejeitada por erro: GTIN inválido (menos de 8 dígitos)
2026-02-27 11:10:04,306 | WARNING | Linha 931 rejeitada por erro: GTIN inválido (menos de 8 dígitos)
2026-02-27 11:10:04,307 | WARNING | Linha 932 rejeitada por erro: GTIN inválido (menos de 8 dígitos)
2026-02-27 11:10:04,309 | WARNING | Linha 933 rejeitada por erro: GTIN inválido (menos de 8 dígitos)
2026-02-27 11:10:04,310 | WARNING | Linha 934 rejeitada por erro: GTIN inválido (menos de 8 dígitos)
2026-02-27 11:10:04,311 | WARNING | Linha 935 rejeitada por erro: GTIN inválido (menos de 8 dígitos)
2026-02-27 11:10:04,312 | WARNING | Linha 936 rejeitada por erro: GTIN inválido (menos de 8 dígitos)
2026-02-27 11:10:04,314 | WARNING | Linha 937 rejeitada por erro: GTIN inválido (menos de 8 dígitos)
2026-02-27 11:10:04,318 | WARNING | Linha 938 rejeitada por erro: GTIN inválido (menos de 8 dígitos)
2026-02-27 11:10:04,319 | WARNING | Linha 939 rejeitada por erro: GTIN inválido (menos de 8 dígitos)
2026-02-27 11:10:04,320 | WARNING | Linha 940 rejeitada por erro: GTIN inválido (menos de 8 dígitos)
2026-02-27 11:10:04,321 | WARNING | Linha 941 rejeitada por erro: GTIN inválido (menos de 8 dígitos)
2026-02-27 11:10:04,323 | WARNING | Linha 942 rejeitada por erro: GTIN inválido (menos de 8 dígitos)
2026-02-27 11:10:04,325 | WARNING | Linha 943 rejeitada por erro: GTIN inválido (menos de 8 dígitos)
2026-02-27 11:10:04,326 | WARNING | Linha 944 rejeitada por erro: GTIN inválido (menos de 8 dígitos)
2026-02-27 11:10:04,327 | WARNING | Linha 945 rejeitada por erro: GTIN inválido (menos de 8 dígitos)
2026-02-27 11:10:04,328 | WARNING | Linha 946 rejeitada por erro: GTIN inválido (menos de 8 dígitos)
2026-02-27 11:10:04,329 | WARNING | Linha 947 rejeitada por erro: GTIN inválido (menos de 8 dígitos)
2026-02-27 11:10:04,334 | WARNING | Linha 948 rejeitada por erro: GTIN inválido (menos de 8 dígitos)
2026-02-27 11:10:04,337 | WARNING | Linha 949 rejeitada por erro: GTIN inválido (menos de 8 dígitos)
2026-02-27 11:10:04,340 | WARNING | Linha 950 rejeitada por erro: GTIN inválido (menos de 8 dígitos)
2026-02-27 11:10:04,341 | WARNING | Linha 951 rejeitada por erro: GTIN inválido (menos de 8 dígitos)
2026-02-27 11:10:04,342 | WARNING | Linha 952 rejeitada por erro: GTIN inválido (menos de 8 dígitos)
2026-02-27 11:10:04,343 | WARNING | Linha 953 rejeitada por erro: GTIN inválido (menos de 8 dígitos)
2026-02-27 11:10:04,343 | WARNING | Linha 954 rejeitada por erro: GTIN inválido (menos de 8 dígitos)
2026-02-27 11:10:04,344 | WARNING | Linha 955 rejeitada por erro: GTIN inválido (menos de 8 dígitos)
2026-02-27 11:10:04,345 | WARNING | Linha 956 rejeitada por erro: GTIN inválido (menos de 8 dígitos)
2026-02-27 11:10:04,346 | WARNING | Linha 957 rejeitada por erro: GTIN inválido (menos de 8 dígitos)
2026-02-27 11:10:04,349 | WARNING | Linha 958 rejeitada por erro: GTIN inválido (menos de 8 dígitos)
2026-02-27 11:10:04,351 | WARNING | Linha 959 rejeitada por erro: GTIN inválido (menos de 8 dígitos)
2026-02-27 11:10:04,352 | WARNING | Linha 960 rejeitada por erro: GTIN inválido (menos de 8 dígitos)
2026-02-27 11:10:04,353 | WARNING | Linha 961 rejeitada por erro: GTIN inválido (menos de 8 dígitos)
2026-02-27 11:10:04,353 | WARNING | Linha 962 rejeitada por erro: GTIN inválido (menos de 8 dígitos)
2026-02-27 11:10:04,354 | WARNING | Linha 963 rejeitada por erro: GTIN inválido (menos de 8 dígitos)
2026-02-27 11:10:04,355 | WARNING | Linha 964 rejeitada por erro: GTIN inválido (menos de 8 dígitos)
2026-02-27 11:10:04,357 | WARNING | Linha 965 rejeitada por erro: GTIN inválido (menos de 8 dígitos)
2026-02-27 11:10:04,357 | WARNING | Linha 966 rejeitada por erro: GTIN inválido (menos de 8 dígitos)
2026-02-27 11:10:04,358 | WARNING | Linha 967 rejeitada por erro: GTIN inválido (menos de 8 dígitos)
2026-02-27 11:10:04,359 | WARNING | Linha 968 rejeitada por erro: GTIN inválido (menos de 8 dígitos)
2026-02-27 11:10:04,360 | WARNING | Linha 969 rejeitada por erro: GTIN inválido (menos de 8 dígitos)
2026-02-27 11:10:04,361 | WARNING | Linha 970 rejeitada por erro: GTIN inválido (menos de 8 dígitos)
2026-02-27 11:10:04,361 | WARNING | Linha 971 rejeitada por erro: GTIN inválido (menos de 8 dígitos)
2026-02-27 11:10:04,362 | WARNING | Linha 972 rejeitada por erro: GTIN inválido (menos de 8 dígitos)
2026-02-27 11:10:04,364 | WARNING | Linha 973 rejeitada por erro: GTIN inválido (menos de 8 dígitos)
2026-02-27 11:10:04,367 | WARNING | Linha 974 rejeitada por erro: GTIN inválido (menos de 8 dígitos)
2026-02-27 11:10:04,370 | WARNING | Linha 975 rejeitada por erro: GTIN inválido (menos de 8 dígitos)
2026-02-27 11:10:04,371 | WARNING | Linha 976 rejeitada por erro: GTIN inválido (menos de 8 dígitos)
2026-02-27 11:10:04,372 | WARNING | Linha 977 rejeitada por erro: GTIN inválido (menos de 8 dígitos)
2026-02-27 11:10:04,372 | WARNING | Linha 978 rejeitada por erro: GTIN inválido (menos de 8 dígitos)
2026-02-27 11:10:04,373 | WARNING | Linha 979 rejeitada por erro: GTIN inválido (menos de 8 dígitos)
2026-02-27 11:10:04,374 | WARNING | Linha 980 rejeitada por erro: GTIN inválido (menos de 8 dígitos)
2026-02-27 11:10:04,376 | WARNING | Linha 981 rejeitada por erro: GTIN inválido (menos de 8 dígitos)
2026-02-27 11:10:04,378 | WARNING | Linha 982 rejeitada por erro: GTIN inválido (menos de 8 dígitos)
2026-02-27 11:10:04,383 | WARNING | Linha 983 rejeitada por erro: GTIN inválido (menos de 8 dígitos)
2026-02-27 11:10:04,387 | WARNING | Linha 984 rejeitada por erro: GTIN inválido (menos de 8 dígitos)
2026-02-27 11:10:04,389 | WARNING | Linha 985 rejeitada por erro: GTIN inválido (menos de 8 dígitos)
2026-02-27 11:10:04,391 | WARNING | Linha 986 rejeitada por erro: GTIN inválido (menos de 8 dígitos)
2026-02-27 11:10:04,394 | WARNING | Linha 987 rejeitada por erro: GTIN inválido (menos de 8 dígitos)
2026-02-27 11:10:04,396 | WARNING | Linha 988 rejeitada por erro: GTIN inválido (menos de 8 dígitos)
2026-02-27 11:10:04,404 | WARNING | Linha 989 rejeitada por erro: GTIN inválido (menos de 8 dígitos)
2026-02-27 11:10:04,406 | WARNING | Linha 990 rejeitada por erro: GTIN inválido (menos de 8 dígitos)
2026-02-27 11:10:04,407 | WARNING | Linha 991 rejeitada por erro: GTIN inválido (menos de 8 dígitos)
2026-02-27 11:10:04,407 | WARNING | Linha 992 rejeitada por erro: GTIN inválido (menos de 8 dígitos)
2026-02-27 11:10:04,408 | WARNING | Linha 993 rejeitada por erro: GTIN inválido (menos de 8 dígitos)
2026-02-27 11:10:04,409 | WARNING | Linha 994 rejeitada por erro: GTIN inválido (menos de 8 dígitos)
2026-02-27 11:10:04,410 | WARNING | Linha 995 rejeitada por erro: GTIN inválido (menos de 8 dígitos)
2026-02-27 11:10:04,411 | WARNING | Linha 996 rejeitada por erro: GTIN inválido (menos de 8 dígitos)
2026-02-27 11:10:04,412 | WARNING | Linha 997 rejeitada por erro: GTIN inválido (menos de 8 dígitos)
2026-02-27 11:10:04,413 | WARNING | Linha 998 rejeitada por erro: GTIN inválido (menos de 8 dígitos)
2026-02-27 11:10:04,417 | WARNING | Linha 999 rejeitada por erro: GTIN inválido (menos de 8 dígitos)
2026-02-27 11:10:04,418 | WARNING | Linha 1000 rejeitada por erro: GTIN inválido (menos de 8 dígitos)
2026-02-27 11:10:04,419 | WARNING | Linha 1001 rejeitada por erro: GTIN inválido (menos de 8 dígitos)
2026-02-27 11:10:04,420 | WARNING | Linha 1002 rejeitada por erro: GTIN inválido (menos de 8 dígitos)
2026-02-27 11:10:04,421 | WARNING | Linha 1003 rejeitada por erro: GTIN inválido (menos de 8 dígitos)
2026-02-27 11:10:04,423 | WARNING | Linha 1004 rejeitada por erro: GTIN inválido (menos de 8 dígitos)
2026-02-27 11:10:04,423 | WARNING | Linha 1005 rejeitada por erro: GTIN inválido (menos de 8 dígitos)
2026-02-27 11:10:04,424 | WARNING | Linha 1006 rejeitada por erro: GTIN inválido (menos de 8 dígitos)
2026-02-27 11:10:04,425 | WARNING | Linha 1007 rejeitada por erro: GTIN inválido (menos de 8 dígitos)
2026-02-27 11:10:04,426 | WARNING | Linha 1008 rejeitada por erro: GTIN inválido (menos de 8 dígitos)
2026-02-27 11:10:04,426 | WARNING | Linha 1009 rejeitada por erro: GTIN inválido (menos de 8 dígitos)
2026-02-27 11:10:04,427 | WARNING | Linha 1010 rejeitada por erro: GTIN inválido (menos de 8 dígitos)
2026-02-27 11:10:04,428 | WARNING | Linha 1011 rejeitada por erro: GTIN inválido (menos de 8 dígitos)
2026-02-27 11:10:04,428 | WARNING | Linha 1012 rejeitada por erro: GTIN inválido (menos de 8 dígitos)
2026-02-27 11:10:04,430 | WARNING | Linha 1013 rejeitada por erro: GTIN inválido (menos de 8 dígitos)
2026-02-27 11:10:04,435 | WARNING | Linha 1014 rejeitada por erro: GTIN inválido (menos de 8 dígitos)
2026-02-27 11:10:04,436 | WARNING | Linha 1015 rejeitada por erro: GTIN inválido (menos de 8 dígitos)
2026-02-27 11:10:04,437 | WARNING | Linha 1016 rejeitada por erro: GTIN inválido (menos de 8 dígitos)
2026-02-27 11:10:04,438 | WARNING | Linha 1017 rejeitada por erro: GTIN inválido (menos de 8 dígitos)
2026-02-27 11:10:04,440 | WARNING | Linha 1018 rejeitada por erro: GTIN inválido (menos de 8 dígitos)
2026-02-27 11:10:04,441 | WARNING | Linha 1019 rejeitada por erro: GTIN inválido (menos de 8 dígitos)
2026-02-27 11:10:04,443 | WARNING | Linha 1020 rejeitada por erro: GTIN inválido (menos de 8 dígitos)
2026-02-27 11:10:04,443 | WARNING | Linha 1021 rejeitada por erro: GTIN inválido (menos de 8 dígitos)
2026-02-27 11:10:04,444 | WARNING | Linha 1022 rejeitada por erro: GTIN inválido (menos de 8 dígitos)
2026-02-27 11:10:04,445 | WARNING | Linha 1023 rejeitada por erro: GTIN inválido (menos de 8 dígitos)
2026-02-27 11:10:04,450 | WARNING | Linha 1024 rejeitada por erro: GTIN inválido (menos de 8 dígitos)
2026-02-27 11:10:04,454 | WARNING | Linha 1025 rejeitada por erro: GTIN inválido (menos de 8 dígitos)
2026-02-27 11:10:04,456 | WARNING | Linha 1026 rejeitada por erro: GTIN inválido (menos de 8 dígitos)
2026-02-27 11:10:04,458 | WARNING | Linha 1027 rejeitada por erro: GTIN inválido (menos de 8 dígitos)
2026-02-27 11:10:04,460 | WARNING | Linha 1028 rejeitada por erro: GTIN inválido (menos de 8 dígitos)
2026-02-27 11:10:04,463 | WARNING | Linha 1029 rejeitada por erro: GTIN inválido (menos de 8 dígitos)
2026-02-27 11:10:04,471 | WARNING | Linha 1030 rejeitada por erro: GTIN inválido (menos de 8 dígitos)
2026-02-27 11:10:04,473 | WARNING | Linha 1031 rejeitada por erro: GTIN inválido (menos de 8 dígitos)
2026-02-27 11:10:04,474 | WARNING | Linha 1032 rejeitada por erro: GTIN inválido (menos de 8 dígitos)
2026-02-27 11:10:04,476 | WARNING | Linha 1033 rejeitada por erro: GTIN inválido (menos de 8 dígitos)
2026-02-27 11:10:04,483 | WARNING | Linha 1034 rejeitada por erro: GTIN inválido (menos de 8 dígitos)
2026-02-27 11:10:04,485 | WARNING | Linha 1035 rejeitada por erro: GTIN inválido (menos de 8 dígitos)
2026-02-27 11:10:04,487 | WARNING | Linha 1036 rejeitada por erro: GTIN inválido (menos de 8 dígitos)
2026-02-27 11:10:04,489 | WARNING | Linha 1037 rejeitada por erro: GTIN inválido (menos de 8 dígitos)
2026-02-27 11:10:04,492 | WARNING | Linha 1038 rejeitada por erro: GTIN inválido (menos de 8 dígitos)
2026-02-27 11:10:04,494 | WARNING | Linha 1039 rejeitada por erro: GTIN inválido (menos de 8 dígitos)
2026-02-27 11:10:04,495 | WARNING | Linha 1040 rejeitada por erro: GTIN inválido (menos de 8 dígitos)
2026-02-27 11:10:04,501 | WARNING | Linha 1041 rejeitada por erro: GTIN inválido (menos de 8 dígitos)
2026-02-27 11:10:04,503 | WARNING | Linha 1042 rejeitada por erro: GTIN inválido (menos de 8 dígitos)
2026-02-27 11:10:04,505 | WARNING | Linha 1043 rejeitada por erro: GTIN inválido (menos de 8 dígitos)
2026-02-27 11:10:04,507 | WARNING | Linha 1044 rejeitada por erro: GTIN inválido (menos de 8 dígitos)
2026-02-27 11:10:04,509 | WARNING | Linha 1045 rejeitada por erro: GTIN inválido (menos de 8 dígitos)
2026-02-27 11:10:04,516 | WARNING | Linha 1046 rejeitada por erro: GTIN inválido (menos de 8 dígitos)
2026-02-27 11:10:04,518 | WARNING | Linha 1047 rejeitada por erro: GTIN inválido (menos de 8 dígitos)
2026-02-27 11:10:04,519 | WARNING | Linha 1048 rejeitada por erro: GTIN inválido (menos de 8 dígitos)
2026-02-27 11:10:04,521 | WARNING | Linha 1049 rejeitada por erro: GTIN inválido (menos de 8 dígitos)
2026-02-27 11:10:04,522 | WARNING | Linha 1050 rejeitada por erro: GTIN inválido (menos de 8 dígitos)
2026-02-27 11:10:04,523 | WARNING | Linha 1051 rejeitada por erro: GTIN inválido (menos de 8 dígitos)
2026-02-27 11:10:04,524 | WARNING | Linha 1052 rejeitada por erro: GTIN inválido (menos de 8 dígitos)
2026-02-27 11:10:04,526 | WARNING | Linha 1053 rejeitada por erro: GTIN inválido (menos de 8 dígitos)
2026-02-27 11:10:04,529 | WARNING | Linha 1054 rejeitada por erro: GTIN inválido (menos de 8 dígitos)
2026-02-27 11:10:04,535 | WARNING | Linha 1055 rejeitada por erro: GTIN inválido (menos de 8 dígitos)
2026-02-27 11:10:04,545 | WARNING | Linha 1056 rejeitada por erro: GTIN inválido (menos de 8 dígitos)
2026-02-27 11:10:04,557 | WARNING | Linha 1057 rejeitada por erro: GTIN inválido (menos de 8 dígitos)
2026-02-27 11:10:04,559 | WARNING | Linha 1058 rejeitada por erro: GTIN inválido (menos de 8 dígitos)
2026-02-27 11:10:04,563 | WARNING | Linha 1059 rejeitada por erro: GTIN inválido (menos de 8 dígitos)
2026-02-27 11:10:04,569 | WARNING | Linha 1060 rejeitada por erro: GTIN inválido (menos de 8 dígitos)
2026-02-27 11:10:04,571 | WARNING | Linha 1061 rejeitada por erro: GTIN inválido (menos de 8 dígitos)
2026-02-27 11:10:04,572 | WARNING | Linha 1062 rejeitada por erro: GTIN inválido (menos de 8 dígitos)
2026-02-27 11:10:04,574 | WARNING | Linha 1063 rejeitada por erro: GTIN inválido (menos de 8 dígitos)
2026-02-27 11:10:04,575 | WARNING | Linha 1064 rejeitada por erro: GTIN inválido (menos de 8 dígitos)
2026-02-27 11:10:04,576 | WARNING | Linha 1065 rejeitada por erro: GTIN inválido (menos de 8 dígitos)
2026-02-27 11:10:04,577 | WARNING | Linha 1066 rejeitada por erro: GTIN inválido (menos de 8 dígitos)
2026-02-27 11:10:04,579 | WARNING | Linha 1067 rejeitada por erro: GTIN inválido (menos de 8 dígitos)
2026-02-27 11:10:04,580 | WARNING | Linha 1068 rejeitada por erro: GTIN inválido (menos de 8 dígitos)
2026-02-27 11:10:04,584 | WARNING | Linha 1069 rejeitada por erro: GTIN inválido (menos de 8 dígitos)
2026-02-27 11:10:04,585 | WARNING | Linha 1070 rejeitada por erro: GTIN inválido (menos de 8 dígitos)
2026-02-27 11:10:04,586 | WARNING | Linha 1071 rejeitada por erro: GTIN inválido (menos de 8 dígitos)
2026-02-27 11:10:04,587 | WARNING | Linha 1072 rejeitada por erro: GTIN inválido (menos de 8 dígitos)
2026-02-27 11:10:04,588 | WARNING | Linha 1073 rejeitada por erro: GTIN inválido (menos de 8 dígitos)
2026-02-27 11:10:04,588 | WARNING | Linha 1074 rejeitada por erro: GTIN inválido (menos de 8 dígitos)
2026-02-27 11:10:04,589 | WARNING | Linha 1075 rejeitada por erro: GTIN inválido (menos de 8 dígitos)
2026-02-27 11:10:04,590 | WARNING | Linha 1076 rejeitada por erro: GTIN inválido (menos de 8 dígitos)
2026-02-27 11:10:04,591 | WARNING | Linha 1077 rejeitada por erro: GTIN inválido (menos de 8 dígitos)
2026-02-27 11:10:04,592 | WARNING | Linha 1078 rejeitada por erro: GTIN inválido (menos de 8 dígitos)
2026-02-27 11:10:04,593 | WARNING | Linha 1079 rejeitada por erro: GTIN inválido (menos de 8 dígitos)
2026-02-27 11:10:04,593 | WARNING | Linha 1080 rejeitada por erro: GTIN inválido (menos de 8 dígitos)
2026-02-27 11:10:04,594 | WARNING | Linha 1081 rejeitada por erro: GTIN inválido (menos de 8 dígitos)
2026-02-27 11:10:04,595 | WARNING | Linha 1082 rejeitada por erro: GTIN inválido (menos de 8 dígitos)
2026-02-27 11:10:04,596 | WARNING | Linha 1083 rejeitada por erro: GTIN inválido (menos de 8 dígitos)
2026-02-27 11:10:04,597 | WARNING | Linha 1084 rejeitada por erro: GTIN inválido (menos de 8 dígitos)
2026-02-27 11:10:04,599 | WARNING | Linha 1085 rejeitada por erro: GTIN inválido (menos de 8 dígitos)
2026-02-27 11:10:04,601 | WARNING | Linha 1086 rejeitada por erro: GTIN inválido (menos de 8 dígitos)
2026-02-27 11:10:04,602 | WARNING | Linha 1087 rejeitada por erro: GTIN inválido (menos de 8 dígitos)
2026-02-27 11:10:04,603 | WARNING | Linha 1088 rejeitada por erro: GTIN inválido (menos de 8 dígitos)
2026-02-27 11:10:04,604 | WARNING | Linha 1089 rejeitada por erro: GTIN inválido (menos de 8 dígitos)
2026-02-27 11:10:04,605 | WARNING | Linha 1090 rejeitada por erro: GTIN inválido (menos de 8 dígitos)
2026-02-27 11:10:04,605 | WARNING | Linha 1091 rejeitada por erro: GTIN inválido (menos de 8 dígitos)
2026-02-27 11:10:04,606 | WARNING | Linha 1092 rejeitada por erro: GTIN inválido (menos de 8 dígitos)
2026-02-27 11:10:04,607 | WARNING | Linha 1093 rejeitada por erro: GTIN inválido (menos de 8 dígitos)
2026-02-27 11:10:04,608 | WARNING | Linha 1094 rejeitada por erro: GTIN inválido (menos de 8 dígitos)
2026-02-27 11:10:04,608 | WARNING | Linha 1095 rejeitada por erro: GTIN inválido (menos de 8 dígitos)
2026-02-27 11:10:04,609 | WARNING | Linha 1096 rejeitada por erro: GTIN inválido (menos de 8 dígitos)
2026-02-27 11:10:04,610 | WARNING | Linha 1097 rejeitada por erro: GTIN inválido (menos de 8 dígitos)
2026-02-27 11:10:04,611 | WARNING | Linha 1098 rejeitada por erro: GTIN inválido (menos de 8 dígitos)
2026-02-27 11:10:04,612 | WARNING | Linha 1099 rejeitada por erro: GTIN inválido (menos de 8 dígitos)
2026-02-27 11:10:04,613 | WARNING | Linha 1100 rejeitada por erro: GTIN inválido (menos de 8 dígitos)
2026-02-27 11:10:04,613 | WARNING | Linha 1101 rejeitada por erro: GTIN inválido (menos de 8 dígitos)
2026-02-27 11:10:04,616 | WARNING | Linha 1102 rejeitada por erro: GTIN inválido (menos de 8 dígitos)
2026-02-27 11:10:04,617 | WARNING | Linha 1103 rejeitada por erro: GTIN inválido (menos de 8 dígitos)
2026-02-27 11:10:04,618 | WARNING | Linha 1104 rejeitada por erro: GTIN inválido (menos de 8 dígitos)
2026-02-27 11:10:04,619 | WARNING | Linha 1105 rejeitada por erro: GTIN inválido (menos de 8 dígitos)
2026-02-27 11:10:04,620 | WARNING | Linha 1106 rejeitada por erro: GTIN inválido (menos de 8 dígitos)
2026-02-27 11:10:04,621 | WARNING | Linha 1107 rejeitada por erro: GTIN inválido (menos de 8 dígitos)
2026-02-27 11:10:04,622 | WARNING | Linha 1108 rejeitada por erro: GTIN inválido (menos de 8 dígitos)
2026-02-27 11:10:04,623 | WARNING | Linha 1109 rejeitada por erro: GTIN inválido (menos de 8 dígitos)
2026-02-27 11:10:04,624 | WARNING | Linha 1110 rejeitada por erro: GTIN inválido (menos de 8 dígitos)
2026-02-27 11:10:04,625 | WARNING | Linha 1111 rejeitada por erro: GTIN inválido (menos de 8 dígitos)
2026-02-27 11:10:04,626 | WARNING | Linha 1112 rejeitada por erro: GTIN inválido (menos de 8 dígitos)
2026-02-27 11:10:04,626 | WARNING | Linha 1113 rejeitada por erro: GTIN inválido (menos de 8 dígitos)
2026-02-27 11:10:04,627 | WARNING | Linha 1114 rejeitada por erro: GTIN inválido (menos de 8 dígitos)
2026-02-27 11:10:04,628 | WARNING | Linha 1115 rejeitada por erro: GTIN inválido (menos de 8 dígitos)
2026-02-27 11:10:04,628 | WARNING | Linha 1116 rejeitada por erro: GTIN inválido (menos de 8 dígitos)
2026-02-27 11:10:04,629 | WARNING | Linha 1117 rejeitada por erro: GTIN inválido (menos de 8 dígitos)
2026-02-27 11:10:04,630 | WARNING | Linha 1118 rejeitada por erro: GTIN inválido (menos de 8 dígitos)
2026-02-27 11:10:04,633 | WARNING | Linha 1119 rejeitada por erro: GTIN inválido (menos de 8 dígitos)
2026-02-27 11:10:04,634 | WARNING | Linha 1120 rejeitada por erro: GTIN inválido (menos de 8 dígitos)
2026-02-27 11:10:04,635 | WARNING | Linha 1121 rejeitada por erro: GTIN inválido (menos de 8 dígitos)
2026-02-27 11:10:04,637 | WARNING | Linha 1122 rejeitada por erro: GTIN inválido (menos de 8 dígitos)
2026-02-27 11:10:04,637 | WARNING | Linha 1123 rejeitada por erro: GTIN inválido (menos de 8 dígitos)
2026-02-27 11:10:04,638 | WARNING | Linha 1124 rejeitada por erro: GTIN inválido (menos de 8 dígitos)
2026-02-27 11:10:04,639 | WARNING | Linha 1125 rejeitada por erro: GTIN inválido (menos de 8 dígitos)
2026-02-27 11:10:04,640 | WARNING | Linha 1126 rejeitada por erro: GTIN inválido (menos de 8 dígitos)
2026-02-27 11:10:04,641 | WARNING | Linha 1127 rejeitada por erro: GTIN inválido (menos de 8 dígitos)
2026-02-27 11:10:04,642 | WARNING | Linha 1128 rejeitada por erro: GTIN inválido (menos de 8 dígitos)
2026-02-27 11:10:04,645 | WARNING | Linha 1129 rejeitada por erro: GTIN inválido (menos de 8 dígitos)
2026-02-27 11:10:04,646 | WARNING | Linha 1130 rejeitada por erro: GTIN inválido (menos de 8 dígitos)
2026-02-27 11:10:04,649 | WARNING | Linha 1131 rejeitada por erro: GTIN inválido (menos de 8 dígitos)
2026-02-27 11:10:04,650 | WARNING | Linha 1132 rejeitada por erro: GTIN inválido (menos de 8 dígitos)
2026-02-27 11:10:04,652 | WARNING | Linha 1133 rejeitada por erro: GTIN inválido (menos de 8 dígitos)
2026-02-27 11:10:04,653 | WARNING | Linha 1134 rejeitada por erro: GTIN inválido (menos de 8 dígitos)
2026-02-27 11:10:04,655 | WARNING | Linha 1135 rejeitada por erro: GTIN inválido (menos de 8 dígitos)
2026-02-27 11:10:04,656 | WARNING | Linha 1136 rejeitada por erro: GTIN inválido (menos de 8 dígitos)
2026-02-27 11:10:04,657 | WARNING | Linha 1137 rejeitada por erro: GTIN inválido (menos de 8 dígitos)
2026-02-27 11:10:04,657 | WARNING | Linha 1138 rejeitada por erro: GTIN inválido (menos de 8 dígitos)
2026-02-27 11:10:04,658 | WARNING | Linha 1139 rejeitada por erro: GTIN inválido (menos de 8 dígitos)
2026-02-27 11:10:04,659 | WARNING | Linha 1140 rejeitada por erro: GTIN inválido (menos de 8 dígitos)
2026-02-27 11:10:04,660 | WARNING | Linha 1141 rejeitada por erro: GTIN inválido (menos de 8 dígitos)
2026-02-27 11:10:04,661 | WARNING | Linha 1142 rejeitada por erro: GTIN inválido (menos de 8 dígitos)
2026-02-27 11:10:04,662 | WARNING | Linha 1143 rejeitada por erro: GTIN inválido (menos de 8 dígitos)
2026-02-27 11:10:04,663 | WARNING | Linha 1144 rejeitada por erro: GTIN inválido (menos de 8 dígitos)
2026-02-27 11:10:04,668 | WARNING | Linha 1145 rejeitada por erro: GTIN inválido (menos de 8 dígitos)
2026-02-27 11:10:04,669 | WARNING | Linha 1146 rejeitada por erro: GTIN inválido (menos de 8 dígitos)
2026-02-27 11:10:04,670 | WARNING | Linha 1147 rejeitada por erro: GTIN inválido (menos de 8 dígitos)
2026-02-27 11:10:04,670 | WARNING | Linha 1148 rejeitada por erro: GTIN inválido (menos de 8 dígitos)
2026-02-27 11:10:04,672 | WARNING | Linha 1149 rejeitada por erro: GTIN inválido (menos de 8 dígitos)
2026-02-27 11:10:04,674 | WARNING | Linha 1150 rejeitada por erro: GTIN inválido (menos de 8 dígitos)
2026-02-27 11:10:04,684 | WARNING | Linha 1151 rejeitada por erro: GTIN inválido (menos de 8 dígitos)
2026-02-27 11:10:04,689 | WARNING | Linha 1152 rejeitada por erro: GTIN inválido (menos de 8 dígitos)
2026-02-27 11:10:04,692 | WARNING | Linha 1153 rejeitada por erro: GTIN inválido (menos de 8 dígitos)
2026-02-27 11:10:04,696 | WARNING | Linha 1154 rejeitada por erro: GTIN inválido (menos de 8 dígitos)
2026-02-27 11:10:04,704 | WARNING | Linha 1155 rejeitada por erro: GTIN inválido (menos de 8 dígitos)
2026-02-27 11:10:04,707 | WARNING | Linha 1156 rejeitada por erro: GTIN inválido (menos de 8 dígitos)
2026-02-27 11:10:04,708 | WARNING | Linha 1157 rejeitada por erro: GTIN inválido (menos de 8 dígitos)
2026-02-27 11:10:04,709 | WARNING | Linha 1158 rejeitada por erro: GTIN inválido (menos de 8 dígitos)
2026-02-27 11:10:04,711 | WARNING | Linha 1159 rejeitada por erro: GTIN inválido (menos de 8 dígitos)
2026-02-27 11:10:04,712 | WARNING | Linha 1160 rejeitada por erro: GTIN inválido (menos de 8 dígitos)
2026-02-27 11:10:04,716 | WARNING | Linha 1161 rejeitada por erro: GTIN inválido (menos de 8 dígitos)
2026-02-27 11:10:04,720 | WARNING | Linha 1162 rejeitada por erro: GTIN inválido (menos de 8 dígitos)
2026-02-27 11:10:04,721 | WARNING | Linha 1163 rejeitada por erro: GTIN inválido (menos de 8 dígitos)
2026-02-27 11:10:04,723 | WARNING | Linha 1164 rejeitada por erro: GTIN inválido (menos de 8 dígitos)
2026-02-27 11:10:04,724 | WARNING | Linha 1165 rejeitada por erro: GTIN inválido (menos de 8 dígitos)
2026-02-27 11:10:04,725 | WARNING | Linha 1166 rejeitada por erro: GTIN inválido (menos de 8 dígitos)
2026-02-27 11:10:04,726 | WARNING | Linha 1167 rejeitada por erro: GTIN inválido (menos de 8 dígitos)
2026-02-27 11:10:04,728 | WARNING | Linha 1168 rejeitada por erro: GTIN inválido (menos de 8 dígitos)
2026-02-27 11:10:04,729 | WARNING | Linha 1169 rejeitada por erro: GTIN inválido (menos de 8 dígitos)
2026-02-27 11:10:04,739 | WARNING | Linha 1170 rejeitada por erro: GTIN inválido (menos de 8 dígitos)
2026-02-27 11:10:04,758 | WARNING | Linha 1171 rejeitada por erro: GTIN inválido (menos de 8 dígitos)
2026-02-27 11:10:04,760 | WARNING | Linha 1172 rejeitada por erro: GTIN inválido (menos de 8 dígitos)
2026-02-27 11:10:04,762 | WARNING | Linha 1173 rejeitada por erro: GTIN inválido (menos de 8 dígitos)
2026-02-27 11:10:04,768 | WARNING | Linha 1174 rejeitada por erro: GTIN inválido (menos de 8 dígitos)
2026-02-27 11:10:04,770 | WARNING | Linha 1175 rejeitada por erro: GTIN inválido (menos de 8 dígitos)
2026-02-27 11:10:04,775 | WARNING | Linha 1176 rejeitada por erro: GTIN inválido (menos de 8 dígitos)
2026-02-27 11:10:04,778 | WARNING | Linha 1177 rejeitada por erro: GTIN inválido (menos de 8 dígitos)
2026-02-27 11:10:04,780 | WARNING | Linha 1178 rejeitada por erro: GTIN inválido (menos de 8 dígitos)
2026-02-27 11:10:04,784 | WARNING | Linha 1179 rejeitada por erro: GTIN inválido (menos de 8 dígitos)
2026-02-27 11:10:04,786 | WARNING | Linha 1180 rejeitada por erro: GTIN inválido (menos de 8 dígitos)
2026-02-27 11:10:04,787 | WARNING | Linha 1181 rejeitada por erro: GTIN inválido (menos de 8 dígitos)
2026-02-27 11:10:04,788 | WARNING | Linha 1182 rejeitada por erro: GTIN inválido (menos de 8 dígitos)
2026-02-27 11:10:04,789 | WARNING | Linha 1183 rejeitada por erro: GTIN inválido (menos de 8 dígitos)
2026-02-27 11:10:04,790 | WARNING | Linha 1184 rejeitada por erro: GTIN inválido (menos de 8 dígitos)
2026-02-27 11:10:04,791 | WARNING | Linha 1185 rejeitada por erro: GTIN inválido (menos de 8 dígitos)
2026-02-27 11:10:04,792 | WARNING | Linha 1186 rejeitada por erro: GTIN inválido (menos de 8 dígitos)
2026-02-27 11:10:04,793 | WARNING | Linha 1187 rejeitada por erro: GTIN inválido (menos de 8 dígitos)
